{"error": "MosaicError: INTERNAL: Mosaic failed to compile TPU kernel: Only 32-bit scalar vector.extracts supported. Cast your input to a 32-bit type first.\n\nThe MLIR operation involved:\n  %264 = \"vector.extract\"(%263) <{static_position = array<i64: 0>}> : (vector<1xbf16>) -> bf16\n\nPlease report a bug at: https://github.com/jax-ml/jax/issues/new/choose\n", "passed": false, "schema_version": 1}
/tmp/opjax-phase31-submission/worker-venv/lib/python3.12/site-packages/jax/_src/cloud_tpu_init.py:88: UserWarning: Transparent hugepages are not enabled. TPU runtime startup and shutdown time should be significantly improved on TPU v5e and newer. If not already set, you may need to enable transparent hugepages in your VM image (sudo sh -c "echo always > /sys/kernel/mm/transparent_hugepage/enabled")
  warnings.warn(
Could not access /tmp/tpu_logs: mkdir errno=30
Could not open the log file '/tmp/tpu_driver.t1v-n-4fd90e97-w-0.nobody.log.INFO.20260811-030149.7479': Read-only file system
Could not open any log file.
Could not open the log file '/tmp/tpu_driver.t1v-n-4fd90e97-w-0.nobody.log.INFO.20260811-030149.7479': Read-only file system
Could not open any log file.
Could not open the log file '/tmp/tpu_driver.t1v-n-4fd90e97-w-0.nobody.log.INFO.20260811-030149.7479': Read-only file system
Could not open any log file.
Could not open the log file '/tmp/tpu_driver.t1v-n-4fd90e97-w-0.nobody.log.INFO.20260811-030149.7479': Read-only file system
Could not open any log file.
Could not open the log file '/tmp/tpu_driver.t1v-n-4fd90e97-w-0.nobody.log.INFO.20260811-030149.7479': Read-only file system
Could not open any log file.
Could not open the log file '/tmp/tpu_driver.t1v-n-4fd90e97-w-0.nobody.log.INFO.20260811-030149.7479': Read-only file system
Could not open any log file.
Could not open the log file '/tmp/tpu_driver.t1v-n-4fd90e97-w-0.nobody.log.INFO.20260811-030149.7479': Read-only file system
Could not open any log file.
Could not open the log file '/tmp/tpu_driver.t1v-n-4fd90e97-w-0.nobody.log.INFO.20260811-030149.7479': Read-only file system
Could not open any log file.
Could not open the log file '/tmp/tpu_driver.t1v-n-4fd90e97-w-0.nobody.log.INFO.20260811-030149.7479': Read-only file system
Could not open any log file.
Could not open the log file '/tmp/tpu_driver.t1v-n-4fd90e97-w-0.nobody.log.INFO.20260811-030149.7479': Read-only file system
Could not open any log file.
Could not open the log file '/tmp/tpu_driver.t1v-n-4fd90e97-w-0.nobody.log.INFO.20260811-030149.7479': Read-only file system
Could not open any log file.
Could not open the log file '/tmp/tpu_driver.t1v-n-4fd90e97-w-0.nobody.log.INFO.20260811-030149.7479': Read-only file system
Could not open any log file.
Could not open the log file '/tmp/tpu_driver.t1v-n-4fd90e97-w-0.nobody.log.INFO.20260811-030149.7479': Read-only file system
Could not open any log file.
Could not open the log file '/tmp/tpu_driver.t1v-n-4fd90e97-w-0.nobody.log.INFO.20260811-030149.7479': Read-only file system
Could not open any log file.
Could not open the log file '/tmp/tpu_driver.t1v-n-4fd90e97-w-0.nobody.log.INFO.20260811-030149.7479': Read-only file system
Could not open any log file.
Could not open the log file '/tmp/tpu_driver.t1v-n-4fd90e97-w-0.nobody.log.INFO.20260811-030149.7479': Read-only file system
Could not open any log file.
Could not open the log file '/tmp/tpu_driver.t1v-n-4fd90e97-w-0.nobody.log.INFO.20260811-030149.7479': Read-only file system
Could not open any log file.
Could not open the log file '/tmp/tpu_driver.t1v-n-4fd90e97-w-0.nobody.log.INFO.20260811-030149.7479': Read-only file system
Could not open any log file.
Could not open the log file '/tmp/tpu_driver.t1v-n-4fd90e97-w-0.nobody.log.INFO.20260811-030149.7479': Read-only file system
Could not open any log file.
Could not open the log file '/tmp/tpu_driver.t1v-n-4fd90e97-w-0.nobody.log.INFO.20260811-030149.7479': Read-only file system
Could not open any log file.
Could not open the log file '/tmp/tpu_driver.t1v-n-4fd90e97-w-0.nobody.log.INFO.20260811-030149.7479': Read-only file system
Could not open any log file.
Could not open the log file '/tmp/tpu_driver.t1v-n-4fd90e97-w-0.nobody.log.INFO.20260811-030149.7479': Read-only file system
Could not open any log file.
Could not open the log file '/tmp/tpu_driver.t1v-n-4fd90e97-w-0.nobody.log.INFO.20260811-030149.7479': Read-only file system
Could not open any log file.
Could not open the log file '/tmp/tpu_driver.t1v-n-4fd90e97-w-0.nobody.log.INFO.20260811-030149.7479': Read-only file system
Could not open any log file.
Could not open the log file '/tmp/tpu_driver.t1v-n-4fd90e97-w-0.nobody.log.INFO.20260811-030149.7479': Read-only file system
Could not open any log file.
Could not open the log file '/tmp/tpu_driver.t1v-n-4fd90e97-w-0.nobody.log.INFO.20260811-030149.7479': Read-only file system
Could not open any log file.
Could not open the log file '/tmp/tpu_driver.t1v-n-4fd90e97-w-0.nobody.log.INFO.20260811-030149.7479': Read-only file system
Could not open any log file.
Could not open the log file '/tmp/tpu_driver.t1v-n-4fd90e97-w-0.nobody.log.INFO.20260811-030149.7479': Read-only file system
Could not open any log file.
Could not open the log file '/tmp/tpu_driver.t1v-n-4fd90e97-w-0.nobody.log.INFO.20260811-030149.7479': Read-only file system
Could not open any log file.
Could not open the log file '/tmp/tpu_driver.t1v-n-4fd90e97-w-0.nobody.log.INFO.20260811-030149.7479': Read-only file system
Could not open any log file.
Could not open the log file '/tmp/tpu_driver.t1v-n-4fd90e97-w-0.nobody.log.INFO.20260811-030149.7479': Read-only file system
Could not open any log file.
Could not open the log file '/tmp/tpu_driver.t1v-n-4fd90e97-w-0.nobody.log.INFO.20260811-030149.7479': Read-only file system
Could not open any log file.
Could not open the log file '/tmp/tpu_driver.t1v-n-4fd90e97-w-0.nobody.log.INFO.20260811-030149.7479': Read-only file system
Could not open any log file.
Could not open the log file '/tmp/tpu_driver.t1v-n-4fd90e97-w-0.nobody.log.INFO.20260811-030149.7479': Read-only file system
Could not open any log file.
Could not open the log file '/tmp/tpu_driver.t1v-n-4fd90e97-w-0.nobody.log.INFO.20260811-030149.7479': Read-only file system
Could not open any log file.
Could not open the log file '/tmp/tpu_driver.t1v-n-4fd90e97-w-0.nobody.log.INFO.20260811-030149.7479': Read-only file system
Could not open any log file.
Could not open the log file '/tmp/tpu_driver.t1v-n-4fd90e97-w-0.nobody.log.INFO.20260811-030149.7479': Read-only file system
Could not open any log file.
Could not open the log file '/tmp/tpu_driver.t1v-n-4fd90e97-w-0.nobody.log.INFO.20260811-030149.7479': Read-only file system
Could not open any log file.
Could not open the log file '/tmp/tpu_driver.t1v-n-4fd90e97-w-0.nobody.log.INFO.20260811-030149.7479': Read-only file system
Could not open any log file.
Could not open the log file '/tmp/tpu_driver.t1v-n-4fd90e97-w-0.nobody.log.INFO.20260811-030149.7479': Read-only file system
Could not open any log file.
Could not open the log file '/tmp/tpu_driver.t1v-n-4fd90e97-w-0.nobody.log.INFO.20260811-030149.7479': Read-only file system
Could not open any log file.
Could not open the log file '/tmp/tpu_driver.t1v-n-4fd90e97-w-0.nobody.log.INFO.20260811-030149.7479': Read-only file system
Could not open any log file.
Could not open the log file '/tmp/tpu_driver.t1v-n-4fd90e97-w-0.nobody.log.INFO.20260811-030149.7479': Read-only file system
Could not open any log file.
Could not open the log file '/tmp/tpu_driver.t1v-n-4fd90e97-w-0.nobody.log.INFO.20260811-030149.7479': Read-only file system
Could not open any log file.
Could not open the log file '/tmp/tpu_driver.t1v-n-4fd90e97-w-0.nobody.log.INFO.20260811-030149.7479': Read-only file system
Could not open any log file.
Could not open the log file '/tmp/tpu_driver.t1v-n-4fd90e97-w-0.nobody.log.INFO.20260811-030149.7479': Read-only file system
Could not open any log file.
Could not open the log file '/tmp/tpu_driver.t1v-n-4fd90e97-w-0.nobody.log.INFO.20260811-030149.7479': Read-only file system
Could not open any log file.
Could not open the log file '/tmp/tpu_driver.t1v-n-4fd90e97-w-0.nobody.log.INFO.20260811-030149.7479': Read-only file system
Could not open any log file.
Could not open the log file '/tmp/tpu_driver.t1v-n-4fd90e97-w-0.nobody.log.INFO.20260811-030149.7479': Read-only file system
Could not open any log file.
Could not open the log file '/tmp/tpu_driver.t1v-n-4fd90e97-w-0.nobody.log.INFO.20260811-030149.7479': Read-only file system
Could not open any log file.
Could not open the log file '/tmp/tpu_driver.t1v-n-4fd90e97-w-0.nobody.log.INFO.20260811-030149.7479': Read-only file system
Could not open any log file.
Could not open the log file '/tmp/tpu_driver.t1v-n-4fd90e97-w-0.nobody.log.INFO.20260811-030149.7479': Read-only file system
Could not open any log file.
Could not open the log file '/tmp/tpu_driver.t1v-n-4fd90e97-w-0.nobody.log.INFO.20260811-030150.7479': Read-only file system
Could not open any log file.
Could not open the log file '/tmp/tpu_driver.t1v-n-4fd90e97-w-0.nobody.log.INFO.20260811-030150.7479': Read-only file system
Could not open any log file.
Could not open the log file '/tmp/tpu_driver.t1v-n-4fd90e97-w-0.nobody.log.INFO.20260811-030150.7479': Read-only file system
Could not open any log file.
Could not open the log file '/tmp/tpu_driver.t1v-n-4fd90e97-w-0.nobody.log.INFO.20260811-030150.7479': Read-only file system
Could not open any log file.
Could not open the log file '/tmp/tpu_driver.t1v-n-4fd90e97-w-0.nobody.log.INFO.20260811-030150.7479': Read-only file system
Could not open any log file.
Could not open the log file '/tmp/tpu_driver.t1v-n-4fd90e97-w-0.nobody.log.INFO.20260811-030150.7479': Read-only file system
Could not open any log file.
Could not open the log file '/tmp/tpu_driver.t1v-n-4fd90e97-w-0.nobody.log.INFO.20260811-030150.7479': Read-only file system
Could not open any log file.
Could not open the log file '/tmp/tpu_driver.t1v-n-4fd90e97-w-0.nobody.log.INFO.20260811-030151.7479': Read-only file system
Could not open any log file.
Could not open the log file '/tmp/tpu_driver.t1v-n-4fd90e97-w-0.nobody.log.INFO.20260811-030151.7479': Read-only file system
Could not open any log file.
Could not open the log file '/tmp/tpu_driver.t1v-n-4fd90e97-w-0.nobody.log.INFO.20260811-030151.7479': Read-only file system
Could not open any log file.
Could not open the log file '/tmp/tpu_driver.t1v-n-4fd90e97-w-0.nobody.log.INFO.20260811-030151.7479': Read-only file system
Could not open any log file.
Could not open the log file '/tmp/tpu_driver.t1v-n-4fd90e97-w-0.nobody.log.INFO.20260811-030151.7479': Read-only file system
Could not open any log file.
Could not open the log file '/tmp/tpu_driver.t1v-n-4fd90e97-w-0.nobody.log.INFO.20260811-030151.7479': Read-only file system
Could not open any log file.
Could not open the log file '/tmp/tpu_driver.t1v-n-4fd90e97-w-0.nobody.log.INFO.20260811-030151.7479': Read-only file system
Could not open any log file.
Could not open the log file '/tmp/tpu_driver.t1v-n-4fd90e97-w-0.nobody.log.ERROR.20260811-030152.7479': Read-only file system
Could not open any log file.
Could not open the log file '/tmp/tpu_driver.t1v-n-4fd90e97-w-0.nobody.log.INFO.20260811-030152.7479': Read-only file system
Could not open any log file.
Could not open the log file '/tmp/tpu_driver.t1v-n-4fd90e97-w-0.nobody.log.INFO.20260811-030152.7479': Read-only file system
Could not open any log file.
Could not open the log file '/tmp/tpu_driver.t1v-n-4fd90e97-w-0.nobody.log.INFO.20260811-030152.7479': Read-only file system
Could not open any log file.
Could not open the log file '/tmp/tpu_driver.t1v-n-4fd90e97-w-0.nobody.log.INFO.20260811-030152.7479': Read-only file system
Could not open any log file.
Could not open the log file '/tmp/tpu_driver.t1v-n-4fd90e97-w-0.nobody.log.INFO.20260811-030152.7479': Read-only file system
Could not open any log file.
Could not open the log file '/tmp/tpu_driver.t1v-n-4fd90e97-w-0.nobody.log.INFO.20260811-030152.7479': Read-only file system
Could not open any log file.
Could not open the log file '/tmp/tpu_driver.t1v-n-4fd90e97-w-0.nobody.log.WARNING.20260811-030152.7479': Read-only file system
Could not open any log file.
Could not open the log file '/tmp/tpu_driver.t1v-n-4fd90e97-w-0.nobody.log.INFO.20260811-030152.7479': Read-only file system
Could not open any log file.
Could not open the log file '/tmp/tpu_driver.t1v-n-4fd90e97-w-0.nobody.log.INFO.20260811-030152.7479': Read-only file system
Could not open any log file.
Could not open the log file '/tmp/tpu_driver.t1v-n-4fd90e97-w-0.nobody.log.INFO.20260811-030152.7479': Read-only file system
Could not open any log file.
Could not open the log file '/tmp/tpu_driver.t1v-n-4fd90e97-w-0.nobody.log.INFO.20260811-030153.7479': Read-only file system
Could not open any log file.
Could not open the log file '/tmp/tpu_driver.t1v-n-4fd90e97-w-0.nobody.log.WARNING.20260811-030153.7479': Read-only file system
Could not open any log file.
Could not open the log file '/tmp/tpu_driver.t1v-n-4fd90e97-w-0.nobody.log.INFO.20260811-030153.7479': Read-only file system
Could not open any log file.
