{"error": "JaxBenchExecutableError: EXECUTABLE_TREE_INVALID:in=PyTreeDef(((*, *, *), {})):out=PyTreeDef(None)", "passed": false, "schema_version": 1}
/tmp/opjax-phase31-submission/worker-venv/lib/python3.12/site-packages/jax/_src/cloud_tpu_init.py:88: UserWarning: Transparent hugepages are not enabled. TPU runtime startup and shutdown time should be significantly improved on TPU v5e and newer. If not already set, you may need to enable transparent hugepages in your VM image (sudo sh -c "echo always > /sys/kernel/mm/transparent_hugepage/enabled")
  warnings.warn(
Could not access /tmp/tpu_logs: mkdir errno=30
Could not open the log file '/tmp/tpu_driver.t1v-n-f09e57e5-w-0.nobody.log.INFO.20260811-023315.6964': Read-only file system
Could not open any log file.
Could not open the log file '/tmp/tpu_driver.t1v-n-f09e57e5-w-0.nobody.log.INFO.20260811-023315.6964': Read-only file system
Could not open any log file.
Could not open the log file '/tmp/tpu_driver.t1v-n-f09e57e5-w-0.nobody.log.INFO.20260811-023315.6964': Read-only file system
Could not open any log file.
Could not open the log file '/tmp/tpu_driver.t1v-n-f09e57e5-w-0.nobody.log.INFO.20260811-023315.6964': Read-only file system
Could not open any log file.
Could not open the log file '/tmp/tpu_driver.t1v-n-f09e57e5-w-0.nobody.log.INFO.20260811-023315.6964': Read-only file system
Could not open any log file.
Could not open the log file '/tmp/tpu_driver.t1v-n-f09e57e5-w-0.nobody.log.INFO.20260811-023315.6964': Read-only file system
Could not open any log file.
Could not open the log file '/tmp/tpu_driver.t1v-n-f09e57e5-w-0.nobody.log.INFO.20260811-023315.6964': Read-only file system
Could not open any log file.
Could not open the log file '/tmp/tpu_driver.t1v-n-f09e57e5-w-0.nobody.log.INFO.20260811-023315.6964': Read-only file system
Could not open any log file.
Could not open the log file '/tmp/tpu_driver.t1v-n-f09e57e5-w-0.nobody.log.INFO.20260811-023315.6964': Read-only file system
Could not open any log file.
Could not open the log file '/tmp/tpu_driver.t1v-n-f09e57e5-w-0.nobody.log.INFO.20260811-023315.6964': Read-only file system
Could not open any log file.
Could not open the log file '/tmp/tpu_driver.t1v-n-f09e57e5-w-0.nobody.log.INFO.20260811-023315.6964': Read-only file system
Could not open any log file.
Could not open the log file '/tmp/tpu_driver.t1v-n-f09e57e5-w-0.nobody.log.INFO.20260811-023315.6964': Read-only file system
Could not open any log file.
Could not open the log file '/tmp/tpu_driver.t1v-n-f09e57e5-w-0.nobody.log.INFO.20260811-023315.6964': Read-only file system
Could not open any log file.
Could not open the log file '/tmp/tpu_driver.t1v-n-f09e57e5-w-0.nobody.log.INFO.20260811-023315.6964': Read-only file system
Could not open any log file.
Could not open the log file '/tmp/tpu_driver.t1v-n-f09e57e5-w-0.nobody.log.INFO.20260811-023315.6964': Read-only file system
Could not open any log file.
Could not open the log file '/tmp/tpu_driver.t1v-n-f09e57e5-w-0.nobody.log.INFO.20260811-023315.6964': Read-only file system
Could not open any log file.
Could not open the log file '/tmp/tpu_driver.t1v-n-f09e57e5-w-0.nobody.log.INFO.20260811-023315.6964': Read-only file system
Could not open any log file.
Could not open the log file '/tmp/tpu_driver.t1v-n-f09e57e5-w-0.nobody.log.INFO.20260811-023315.6964': Read-only file system
Could not open any log file.
Could not open the log file '/tmp/tpu_driver.t1v-n-f09e57e5-w-0.nobody.log.INFO.20260811-023315.6964': Read-only file system
Could not open any log file.
Could not open the log file '/tmp/tpu_driver.t1v-n-f09e57e5-w-0.nobody.log.INFO.20260811-023315.6964': Read-only file system
Could not open any log file.
Could not open the log file '/tmp/tpu_driver.t1v-n-f09e57e5-w-0.nobody.log.INFO.20260811-023315.6964': Read-only file system
Could not open any log file.
Could not open the log file '/tmp/tpu_driver.t1v-n-f09e57e5-w-0.nobody.log.INFO.20260811-023315.6964': Read-only file system
Could not open any log file.
Could not open the log file '/tmp/tpu_driver.t1v-n-f09e57e5-w-0.nobody.log.INFO.20260811-023315.6964': Read-only file system
Could not open any log file.
Could not open the log file '/tmp/tpu_driver.t1v-n-f09e57e5-w-0.nobody.log.INFO.20260811-023315.6964': Read-only file system
Could not open any log file.
Could not open the log file '/tmp/tpu_driver.t1v-n-f09e57e5-w-0.nobody.log.INFO.20260811-023315.6964': Read-only file system
Could not open any log file.
Could not open the log file '/tmp/tpu_driver.t1v-n-f09e57e5-w-0.nobody.log.INFO.20260811-023315.6964': Read-only file system
Could not open any log file.
Could not open the log file '/tmp/tpu_driver.t1v-n-f09e57e5-w-0.nobody.log.INFO.20260811-023315.6964': Read-only file system
Could not open any log file.
Could not open the log file '/tmp/tpu_driver.t1v-n-f09e57e5-w-0.nobody.log.INFO.20260811-023315.6964': Read-only file system
Could not open any log file.
Could not open the log file '/tmp/tpu_driver.t1v-n-f09e57e5-w-0.nobody.log.INFO.20260811-023315.6964': Read-only file system
Could not open any log file.
Could not open the log file '/tmp/tpu_driver.t1v-n-f09e57e5-w-0.nobody.log.INFO.20260811-023315.6964': Read-only file system
Could not open any log file.
Could not open the log file '/tmp/tpu_driver.t1v-n-f09e57e5-w-0.nobody.log.INFO.20260811-023315.6964': Read-only file system
Could not open any log file.
Could not open the log file '/tmp/tpu_driver.t1v-n-f09e57e5-w-0.nobody.log.INFO.20260811-023315.6964': Read-only file system
Could not open any log file.
Could not open the log file '/tmp/tpu_driver.t1v-n-f09e57e5-w-0.nobody.log.INFO.20260811-023315.6964': Read-only file system
Could not open any log file.
Could not open the log file '/tmp/tpu_driver.t1v-n-f09e57e5-w-0.nobody.log.INFO.20260811-023315.6964': Read-only file system
Could not open any log file.
Could not open the log file '/tmp/tpu_driver.t1v-n-f09e57e5-w-0.nobody.log.INFO.20260811-023315.6964': Read-only file system
Could not open any log file.
Could not open the log file '/tmp/tpu_driver.t1v-n-f09e57e5-w-0.nobody.log.INFO.20260811-023315.6964': Read-only file system
Could not open any log file.
Could not open the log file '/tmp/tpu_driver.t1v-n-f09e57e5-w-0.nobody.log.INFO.20260811-023315.6964': Read-only file system
Could not open any log file.
Could not open the log file '/tmp/tpu_driver.t1v-n-f09e57e5-w-0.nobody.log.INFO.20260811-023315.6964': Read-only file system
Could not open any log file.
Could not open the log file '/tmp/tpu_driver.t1v-n-f09e57e5-w-0.nobody.log.INFO.20260811-023315.6964': Read-only file system
Could not open any log file.
Could not open the log file '/tmp/tpu_driver.t1v-n-f09e57e5-w-0.nobody.log.INFO.20260811-023315.6964': Read-only file system
Could not open any log file.
Could not open the log file '/tmp/tpu_driver.t1v-n-f09e57e5-w-0.nobody.log.INFO.20260811-023315.6964': Read-only file system
Could not open any log file.
Could not open the log file '/tmp/tpu_driver.t1v-n-f09e57e5-w-0.nobody.log.INFO.20260811-023315.6964': Read-only file system
Could not open any log file.
Could not open the log file '/tmp/tpu_driver.t1v-n-f09e57e5-w-0.nobody.log.INFO.20260811-023315.6964': Read-only file system
Could not open any log file.
Could not open the log file '/tmp/tpu_driver.t1v-n-f09e57e5-w-0.nobody.log.INFO.20260811-023315.6964': Read-only file system
Could not open any log file.
Could not open the log file '/tmp/tpu_driver.t1v-n-f09e57e5-w-0.nobody.log.INFO.20260811-023315.6964': Read-only file system
Could not open any log file.
Could not open the log file '/tmp/tpu_driver.t1v-n-f09e57e5-w-0.nobody.log.INFO.20260811-023315.6964': Read-only file system
Could not open any log file.
Could not open the log file '/tmp/tpu_driver.t1v-n-f09e57e5-w-0.nobody.log.INFO.20260811-023315.6964': Read-only file system
Could not open any log file.
Could not open the log file '/tmp/tpu_driver.t1v-n-f09e57e5-w-0.nobody.log.INFO.20260811-023315.6964': Read-only file system
Could not open any log file.
Could not open the log file '/tmp/tpu_driver.t1v-n-f09e57e5-w-0.nobody.log.INFO.20260811-023315.6964': Read-only file system
Could not open any log file.
Could not open the log file '/tmp/tpu_driver.t1v-n-f09e57e5-w-0.nobody.log.INFO.20260811-023315.6964': Read-only file system
Could not open any log file.
Could not open the log file '/tmp/tpu_driver.t1v-n-f09e57e5-w-0.nobody.log.INFO.20260811-023315.6964': Read-only file system
Could not open any log file.
Could not open the log file '/tmp/tpu_driver.t1v-n-f09e57e5-w-0.nobody.log.INFO.20260811-023315.6964': Read-only file system
Could not open any log file.
Could not open the log file '/tmp/tpu_driver.t1v-n-f09e57e5-w-0.nobody.log.INFO.20260811-023315.6964': Read-only file system
Could not open any log file.
Could not open the log file '/tmp/tpu_driver.t1v-n-f09e57e5-w-0.nobody.log.INFO.20260811-023315.6964': Read-only file system
Could not open any log file.
Could not open the log file '/tmp/tpu_driver.t1v-n-f09e57e5-w-0.nobody.log.INFO.20260811-023315.6964': Read-only file system
Could not open any log file.
Could not open the log file '/tmp/tpu_driver.t1v-n-f09e57e5-w-0.nobody.log.INFO.20260811-023315.6964': Read-only file system
Could not open any log file.
Could not open the log file '/tmp/tpu_driver.t1v-n-f09e57e5-w-0.nobody.log.INFO.20260811-023315.6964': Read-only file system
Could not open any log file.
Could not open the log file '/tmp/tpu_driver.t1v-n-f09e57e5-w-0.nobody.log.INFO.20260811-023315.6964': Read-only file system
Could not open any log file.
Could not open the log file '/tmp/tpu_driver.t1v-n-f09e57e5-w-0.nobody.log.INFO.20260811-023315.6964': Read-only file system
Could not open any log file.
Could not open the log file '/tmp/tpu_driver.t1v-n-f09e57e5-w-0.nobody.log.INFO.20260811-023316.6964': Read-only file system
Could not open any log file.
Could not open the log file '/tmp/tpu_driver.t1v-n-f09e57e5-w-0.nobody.log.INFO.20260811-023316.6964': Read-only file system
Could not open any log file.
Could not open the log file '/tmp/tpu_driver.t1v-n-f09e57e5-w-0.nobody.log.INFO.20260811-023316.6964': Read-only file system
Could not open any log file.
Could not open the log file '/tmp/tpu_driver.t1v-n-f09e57e5-w-0.nobody.log.INFO.20260811-023316.6964': Read-only file system
Could not open any log file.
Could not open the log file '/tmp/tpu_driver.t1v-n-f09e57e5-w-0.nobody.log.INFO.20260811-023316.6964': Read-only file system
Could not open any log file.
Could not open the log file '/tmp/tpu_driver.t1v-n-f09e57e5-w-0.nobody.log.INFO.20260811-023316.6964': Read-only file system
Could not open any log file.
Could not open the log file '/tmp/tpu_driver.t1v-n-f09e57e5-w-0.nobody.log.INFO.20260811-023316.6964': Read-only file system
Could not open any log file.
Could not open the log file '/tmp/tpu_driver.t1v-n-f09e57e5-w-0.nobody.log.INFO.20260811-023317.6964': Read-only file system
Could not open any log file.
Could not open the log file '/tmp/tpu_driver.t1v-n-f09e57e5-w-0.nobody.log.INFO.20260811-023317.6964': Read-only file system
Could not open any log file.
Could not open the log file '/tmp/tpu_driver.t1v-n-f09e57e5-w-0.nobody.log.INFO.20260811-023317.6964': Read-only file system
Could not open any log file.
Could not open the log file '/tmp/tpu_driver.t1v-n-f09e57e5-w-0.nobody.log.INFO.20260811-023318.6964': Read-only file system
Could not open any log file.
Could not open the log file '/tmp/tpu_driver.t1v-n-f09e57e5-w-0.nobody.log.INFO.20260811-023318.6964': Read-only file system
Could not open any log file.
Could not open the log file '/tmp/tpu_driver.t1v-n-f09e57e5-w-0.nobody.log.INFO.20260811-023318.6964': Read-only file system
Could not open any log file.
Could not open the log file '/tmp/tpu_driver.t1v-n-f09e57e5-w-0.nobody.log.INFO.20260811-023318.6964': Read-only file system
Could not open any log file.
Could not open the log file '/tmp/tpu_driver.t1v-n-f09e57e5-w-0.nobody.log.INFO.20260811-023318.6964': Read-only file system
Could not open any log file.
Could not open the log file '/tmp/tpu_driver.t1v-n-f09e57e5-w-0.nobody.log.INFO.20260811-023318.6964': Read-only file system
Could not open any log file.
Could not open the log file '/tmp/tpu_driver.t1v-n-f09e57e5-w-0.nobody.log.INFO.20260811-023318.6964': Read-only file system
Could not open any log file.
Could not open the log file '/tmp/tpu_driver.t1v-n-f09e57e5-w-0.nobody.log.INFO.20260811-023318.6964': Read-only file system
Could not open any log file.
Could not open the log file '/tmp/tpu_driver.t1v-n-f09e57e5-w-0.nobody.log.INFO.20260811-023318.6964': Read-only file system
Could not open any log file.
Could not open the log file '/tmp/tpu_driver.t1v-n-f09e57e5-w-0.nobody.log.INFO.20260811-023319.6964': Read-only file system
Could not open any log file.
Could not open the log file '/tmp/tpu_driver.t1v-n-f09e57e5-w-0.nobody.log.WARNING.20260811-023319.6964': Read-only file system
Could not open any log file.
Could not open the log file '/tmp/tpu_driver.t1v-n-f09e57e5-w-0.nobody.log.INFO.20260811-023320.6964': Read-only file system
Could not open any log file.
