{"error": "TracerBoolConversionError: Attempted boolean conversion of traced array with shape bool[].\nThe error occurred while tracing the function kernel at /tmp/opjax-phase31-worker-14jr5iju/candidate/workspace/kernel.py:28 for pallas_call kernel. This concrete value was not available in Python because it depends on the value of the argument cu_q_lens_ref.\nSee https://docs.jax.dev/en/latest/errors.html#jax.errors.TracerBoolConversionError", "passed": false, "schema_version": 1}
/tmp/opjax-phase31-submission/worker-venv/lib/python3.12/site-packages/jax/_src/cloud_tpu_init.py:88: UserWarning: Transparent hugepages are not enabled. TPU runtime startup and shutdown time should be significantly improved on TPU v5e and newer. If not already set, you may need to enable transparent hugepages in your VM image (sudo sh -c "echo always > /sys/kernel/mm/transparent_hugepage/enabled")
  warnings.warn(
Could not access /tmp/tpu_logs: mkdir errno=30
Could not open the log file '/tmp/tpu_driver.t1v-n-c9478203-w-0.nobody.log.INFO.20260811-040811.5403': Read-only file system
Could not open any log file.
Could not open the log file '/tmp/tpu_driver.t1v-n-c9478203-w-0.nobody.log.INFO.20260811-040811.5403': Read-only file system
Could not open any log file.
Could not open the log file '/tmp/tpu_driver.t1v-n-c9478203-w-0.nobody.log.INFO.20260811-040811.5403': Read-only file system
Could not open any log file.
Could not open the log file '/tmp/tpu_driver.t1v-n-c9478203-w-0.nobody.log.INFO.20260811-040811.5403': Read-only file system
Could not open any log file.
Could not open the log file '/tmp/tpu_driver.t1v-n-c9478203-w-0.nobody.log.INFO.20260811-040811.5403': Read-only file system
Could not open any log file.
Could not open the log file '/tmp/tpu_driver.t1v-n-c9478203-w-0.nobody.log.INFO.20260811-040811.5403': Read-only file system
Could not open any log file.
Could not open the log file '/tmp/tpu_driver.t1v-n-c9478203-w-0.nobody.log.INFO.20260811-040811.5403': Read-only file system
Could not open any log file.
Could not open the log file '/tmp/tpu_driver.t1v-n-c9478203-w-0.nobody.log.INFO.20260811-040811.5403': Read-only file system
Could not open any log file.
Could not open the log file '/tmp/tpu_driver.t1v-n-c9478203-w-0.nobody.log.INFO.20260811-040811.5403': Read-only file system
Could not open any log file.
Could not open the log file '/tmp/tpu_driver.t1v-n-c9478203-w-0.nobody.log.INFO.20260811-040811.5403': Read-only file system
Could not open any log file.
Could not open the log file '/tmp/tpu_driver.t1v-n-c9478203-w-0.nobody.log.INFO.20260811-040811.5403': Read-only file system
Could not open any log file.
Could not open the log file '/tmp/tpu_driver.t1v-n-c9478203-w-0.nobody.log.INFO.20260811-040811.5403': Read-only file system
Could not open any log file.
Could not open the log file '/tmp/tpu_driver.t1v-n-c9478203-w-0.nobody.log.INFO.20260811-040811.5403': Read-only file system
Could not open any log file.
Could not open the log file '/tmp/tpu_driver.t1v-n-c9478203-w-0.nobody.log.INFO.20260811-040811.5403': Read-only file system
Could not open any log file.
Could not open the log file '/tmp/tpu_driver.t1v-n-c9478203-w-0.nobody.log.INFO.20260811-040811.5403': Read-only file system
Could not open any log file.
Could not open the log file '/tmp/tpu_driver.t1v-n-c9478203-w-0.nobody.log.INFO.20260811-040811.5403': Read-only file system
Could not open any log file.
Could not open the log file '/tmp/tpu_driver.t1v-n-c9478203-w-0.nobody.log.INFO.20260811-040811.5403': Read-only file system
Could not open any log file.
Could not open the log file '/tmp/tpu_driver.t1v-n-c9478203-w-0.nobody.log.INFO.20260811-040811.5403': Read-only file system
Could not open any log file.
Could not open the log file '/tmp/tpu_driver.t1v-n-c9478203-w-0.nobody.log.INFO.20260811-040811.5403': Read-only file system
Could not open any log file.
Could not open the log file '/tmp/tpu_driver.t1v-n-c9478203-w-0.nobody.log.INFO.20260811-040811.5403': Read-only file system
Could not open any log file.
Could not open the log file '/tmp/tpu_driver.t1v-n-c9478203-w-0.nobody.log.INFO.20260811-040811.5403': Read-only file system
Could not open any log file.
Could not open the log file '/tmp/tpu_driver.t1v-n-c9478203-w-0.nobody.log.INFO.20260811-040811.5403': Read-only file system
Could not open any log file.
Could not open the log file '/tmp/tpu_driver.t1v-n-c9478203-w-0.nobody.log.INFO.20260811-040811.5403': Read-only file system
Could not open any log file.
Could not open the log file '/tmp/tpu_driver.t1v-n-c9478203-w-0.nobody.log.INFO.20260811-040811.5403': Read-only file system
Could not open any log file.
Could not open the log file '/tmp/tpu_driver.t1v-n-c9478203-w-0.nobody.log.INFO.20260811-040811.5403': Read-only file system
Could not open any log file.
Could not open the log file '/tmp/tpu_driver.t1v-n-c9478203-w-0.nobody.log.INFO.20260811-040811.5403': Read-only file system
Could not open any log file.
Could not open the log file '/tmp/tpu_driver.t1v-n-c9478203-w-0.nobody.log.INFO.20260811-040811.5403': Read-only file system
Could not open any log file.
Could not open the log file '/tmp/tpu_driver.t1v-n-c9478203-w-0.nobody.log.INFO.20260811-040811.5403': Read-only file system
Could not open any log file.
Could not open the log file '/tmp/tpu_driver.t1v-n-c9478203-w-0.nobody.log.INFO.20260811-040811.5403': Read-only file system
Could not open any log file.
Could not open the log file '/tmp/tpu_driver.t1v-n-c9478203-w-0.nobody.log.INFO.20260811-040811.5403': Read-only file system
Could not open any log file.
Could not open the log file '/tmp/tpu_driver.t1v-n-c9478203-w-0.nobody.log.INFO.20260811-040811.5403': Read-only file system
Could not open any log file.
Could not open the log file '/tmp/tpu_driver.t1v-n-c9478203-w-0.nobody.log.INFO.20260811-040811.5403': Read-only file system
Could not open any log file.
Could not open the log file '/tmp/tpu_driver.t1v-n-c9478203-w-0.nobody.log.INFO.20260811-040811.5403': Read-only file system
Could not open any log file.
Could not open the log file '/tmp/tpu_driver.t1v-n-c9478203-w-0.nobody.log.INFO.20260811-040811.5403': Read-only file system
Could not open any log file.
Could not open the log file '/tmp/tpu_driver.t1v-n-c9478203-w-0.nobody.log.INFO.20260811-040811.5403': Read-only file system
Could not open any log file.
Could not open the log file '/tmp/tpu_driver.t1v-n-c9478203-w-0.nobody.log.INFO.20260811-040811.5403': Read-only file system
Could not open any log file.
Could not open the log file '/tmp/tpu_driver.t1v-n-c9478203-w-0.nobody.log.INFO.20260811-040811.5403': Read-only file system
Could not open any log file.
Could not open the log file '/tmp/tpu_driver.t1v-n-c9478203-w-0.nobody.log.INFO.20260811-040811.5403': Read-only file system
Could not open any log file.
Could not open the log file '/tmp/tpu_driver.t1v-n-c9478203-w-0.nobody.log.INFO.20260811-040811.5403': Read-only file system
Could not open any log file.
Could not open the log file '/tmp/tpu_driver.t1v-n-c9478203-w-0.nobody.log.INFO.20260811-040811.5403': Read-only file system
Could not open any log file.
Could not open the log file '/tmp/tpu_driver.t1v-n-c9478203-w-0.nobody.log.INFO.20260811-040811.5403': Read-only file system
Could not open any log file.
Could not open the log file '/tmp/tpu_driver.t1v-n-c9478203-w-0.nobody.log.INFO.20260811-040811.5403': Read-only file system
Could not open any log file.
Could not open the log file '/tmp/tpu_driver.t1v-n-c9478203-w-0.nobody.log.INFO.20260811-040811.5403': Read-only file system
Could not open any log file.
Could not open the log file '/tmp/tpu_driver.t1v-n-c9478203-w-0.nobody.log.INFO.20260811-040811.5403': Read-only file system
Could not open any log file.
Could not open the log file '/tmp/tpu_driver.t1v-n-c9478203-w-0.nobody.log.INFO.20260811-040811.5403': Read-only file system
Could not open any log file.
Could not open the log file '/tmp/tpu_driver.t1v-n-c9478203-w-0.nobody.log.INFO.20260811-040811.5403': Read-only file system
Could not open any log file.
Could not open the log file '/tmp/tpu_driver.t1v-n-c9478203-w-0.nobody.log.INFO.20260811-040811.5403': Read-only file system
Could not open any log file.
Could not open the log file '/tmp/tpu_driver.t1v-n-c9478203-w-0.nobody.log.INFO.20260811-040811.5403': Read-only file system
Could not open any log file.
Could not open the log file '/tmp/tpu_driver.t1v-n-c9478203-w-0.nobody.log.INFO.20260811-040811.5403': Read-only file system
Could not open any log file.
Could not open the log file '/tmp/tpu_driver.t1v-n-c9478203-w-0.nobody.log.INFO.20260811-040811.5403': Read-only file system
Could not open any log file.
Could not open the log file '/tmp/tpu_driver.t1v-n-c9478203-w-0.nobody.log.INFO.20260811-040811.5403': Read-only file system
Could not open any log file.
Could not open the log file '/tmp/tpu_driver.t1v-n-c9478203-w-0.nobody.log.INFO.20260811-040811.5403': Read-only file system
Could not open any log file.
Could not open the log file '/tmp/tpu_driver.t1v-n-c9478203-w-0.nobody.log.INFO.20260811-040811.5403': Read-only file system
Could not open any log file.
Could not open the log file '/tmp/tpu_driver.t1v-n-c9478203-w-0.nobody.log.INFO.20260811-040811.5403': Read-only file system
Could not open any log file.
Could not open the log file '/tmp/tpu_driver.t1v-n-c9478203-w-0.nobody.log.INFO.20260811-040811.5403': Read-only file system
Could not open any log file.
Could not open the log file '/tmp/tpu_driver.t1v-n-c9478203-w-0.nobody.log.INFO.20260811-040811.5403': Read-only file system
Could not open any log file.
Could not open the log file '/tmp/tpu_driver.t1v-n-c9478203-w-0.nobody.log.INFO.20260811-040811.5403': Read-only file system
Could not open any log file.
Could not open the log file '/tmp/tpu_driver.t1v-n-c9478203-w-0.nobody.log.INFO.20260811-040811.5403': Read-only file system
Could not open any log file.
Could not open the log file '/tmp/tpu_driver.t1v-n-c9478203-w-0.nobody.log.INFO.20260811-040811.5403': Read-only file system
Could not open any log file.
Could not open the log file '/tmp/tpu_driver.t1v-n-c9478203-w-0.nobody.log.INFO.20260811-040812.5403': Read-only file system
Could not open any log file.
Could not open the log file '/tmp/tpu_driver.t1v-n-c9478203-w-0.nobody.log.INFO.20260811-040812.5403': Read-only file system
Could not open any log file.
Could not open the log file '/tmp/tpu_driver.t1v-n-c9478203-w-0.nobody.log.INFO.20260811-040812.5403': Read-only file system
Could not open any log file.
Could not open the log file '/tmp/tpu_driver.t1v-n-c9478203-w-0.nobody.log.INFO.20260811-040812.5403': Read-only file system
Could not open any log file.
Could not open the log file '/tmp/tpu_driver.t1v-n-c9478203-w-0.nobody.log.INFO.20260811-040812.5403': Read-only file system
Could not open any log file.
Could not open the log file '/tmp/tpu_driver.t1v-n-c9478203-w-0.nobody.log.INFO.20260811-040812.5403': Read-only file system
Could not open any log file.
Could not open the log file '/tmp/tpu_driver.t1v-n-c9478203-w-0.nobody.log.INFO.20260811-040812.5403': Read-only file system
Could not open any log file.
Could not open the log file '/tmp/tpu_driver.t1v-n-c9478203-w-0.nobody.log.INFO.20260811-040815.5403': Read-only file system
Could not open any log file.
Could not open the log file '/tmp/tpu_driver.t1v-n-c9478203-w-0.nobody.log.WARNING.20260811-040815.5403': Read-only file system
Could not open any log file.
Could not open the log file '/tmp/tpu_driver.t1v-n-c9478203-w-0.nobody.log.INFO.20260811-040816.5403': Read-only file system
Could not open any log file.
