{"error": "JaxRuntimeError: RESOURCE_EXHAUSTED: XLA:TPU compile permanent error. Ran out of memory in memory space vmem. Used 250.54M of 128.00M vmem. Exceeded vmem capacity by 122.54M.\n\nProgram vmem requirement 250.54M:\n    scoped          250.54M\n\n  Largest program allocations in vmem:\n\n  1. Size: 128.00M\n     Operator: op_name=\"jit(workload)/pallas_call\"\n     Shape: u8[134217728]{0}\n     Unpadded size: 128.00M\n     Tag: input window allocation for operator input 1. The window shape is bf16[8192,8192], while the full shape is bf16[8192,8192]. The u8 shape/size shown above represents the raw byte size of this window in VMEM. This allocation is single buffered.\n     XLA label: workload.1 = custom-call(x.1, weight.1), custom_call_target=\"tpu_custom_call\", operand_layout_constraints={bf16[4096,8192]{1,0}, bf16[8192,8192]{1,0}}, frontend_attributes={kernel_metadata={}}\n     Allocation type: scoped\n     ==========================\n\n  2. Size: 118.54M\n     XLA label: register allocator spill slots in HLO :: workload.1\n     Allocation type: scoped\n     ==========================\n\n  3. Size: 4.00M\n     Operator: op_name=\"jit(workload)/pallas_call\"\n     Shape: u8[4194304]{0}\n     Unpadded size: 4.00M\n     Tag: input window allocation for operator input 0. The window shape is bf16[128,8192], while the full shape is bf16[4096,8192]. The u8 shape/size shown above represents the raw byte size of this window in VMEM. This allocation has 2 buffering levels.\n     XLA label: workload.1 = custom-call(x.1, weight.1), custom_call_target=\"tpu_custom_call\", operand_layout_constraints={bf16[4096,8192]{1,0}, bf16[8192,8192]{1,0}}, frontend_attributes={kernel_metadata={}}\n     Allocation type: scoped\n     ==========================\n\n [type.googleapis.com/tensorflow.tpu.CompilationResultProto='\\x08\\x08\\x12\\xf9\\x0cRan out of memory in memory space vmem. Used 250.54M of 128.00M vmem. Exceeded vmem capacity by 122.54M.\\n\\nProgram vmem requ...[truncated]']", "passed": false, "schema_version": 1}
/tmp/opjax-phase31-submission/worker-venv/lib/python3.12/site-packages/jax/_src/cloud_tpu_init.py:88: UserWarning: Transparent hugepages are not enabled. TPU runtime startup and shutdown time should be significantly improved on TPU v5e and newer. If not already set, you may need to enable transparent hugepages in your VM image (sudo sh -c "echo always > /sys/kernel/mm/transparent_hugepage/enabled")
  warnings.warn(
Could not access /tmp/tpu_logs: mkdir errno=30
Could not open the log file '/tmp/tpu_driver.t1v-n-938863f7-w-0.nobody.log.INFO.20260811-005807.8131': Read-only file system
Could not open any log file.
Could not open the log file '/tmp/tpu_driver.t1v-n-938863f7-w-0.nobody.log.INFO.20260811-005807.8131': Read-only file system
Could not open any log file.
Could not open the log file '/tmp/tpu_driver.t1v-n-938863f7-w-0.nobody.log.INFO.20260811-005807.8131': Read-only file system
Could not open any log file.
Could not open the log file '/tmp/tpu_driver.t1v-n-938863f7-w-0.nobody.log.INFO.20260811-005807.8131': Read-only file system
Could not open any log file.
Could not open the log file '/tmp/tpu_driver.t1v-n-938863f7-w-0.nobody.log.INFO.20260811-005807.8131': Read-only file system
Could not open any log file.
Could not open the log file '/tmp/tpu_driver.t1v-n-938863f7-w-0.nobody.log.INFO.20260811-005807.8131': Read-only file system
Could not open any log file.
Could not open the log file '/tmp/tpu_driver.t1v-n-938863f7-w-0.nobody.log.INFO.20260811-005807.8131': Read-only file system
Could not open any log file.
Could not open the log file '/tmp/tpu_driver.t1v-n-938863f7-w-0.nobody.log.INFO.20260811-005807.8131': Read-only file system
Could not open any log file.
Could not open the log file '/tmp/tpu_driver.t1v-n-938863f7-w-0.nobody.log.INFO.20260811-005807.8131': Read-only file system
Could not open any log file.
Could not open the log file '/tmp/tpu_driver.t1v-n-938863f7-w-0.nobody.log.INFO.20260811-005807.8131': Read-only file system
Could not open any log file.
Could not open the log file '/tmp/tpu_driver.t1v-n-938863f7-w-0.nobody.log.INFO.20260811-005807.8131': Read-only file system
Could not open any log file.
Could not open the log file '/tmp/tpu_driver.t1v-n-938863f7-w-0.nobody.log.INFO.20260811-005807.8131': Read-only file system
Could not open any log file.
Could not open the log file '/tmp/tpu_driver.t1v-n-938863f7-w-0.nobody.log.INFO.20260811-005807.8131': Read-only file system
Could not open any log file.
Could not open the log file '/tmp/tpu_driver.t1v-n-938863f7-w-0.nobody.log.INFO.20260811-005807.8131': Read-only file system
Could not open any log file.
Could not open the log file '/tmp/tpu_driver.t1v-n-938863f7-w-0.nobody.log.INFO.20260811-005807.8131': Read-only file system
Could not open any log file.
Could not open the log file '/tmp/tpu_driver.t1v-n-938863f7-w-0.nobody.log.INFO.20260811-005807.8131': Read-only file system
Could not open any log file.
Could not open the log file '/tmp/tpu_driver.t1v-n-938863f7-w-0.nobody.log.INFO.20260811-005807.8131': Read-only file system
Could not open any log file.
Could not open the log file '/tmp/tpu_driver.t1v-n-938863f7-w-0.nobody.log.INFO.20260811-005807.8131': Read-only file system
Could not open any log file.
Could not open the log file '/tmp/tpu_driver.t1v-n-938863f7-w-0.nobody.log.INFO.20260811-005807.8131': Read-only file system
Could not open any log file.
Could not open the log file '/tmp/tpu_driver.t1v-n-938863f7-w-0.nobody.log.INFO.20260811-005807.8131': Read-only file system
Could not open any log file.
Could not open the log file '/tmp/tpu_driver.t1v-n-938863f7-w-0.nobody.log.INFO.20260811-005807.8131': Read-only file system
Could not open any log file.
Could not open the log file '/tmp/tpu_driver.t1v-n-938863f7-w-0.nobody.log.INFO.20260811-005807.8131': Read-only file system
Could not open any log file.
Could not open the log file '/tmp/tpu_driver.t1v-n-938863f7-w-0.nobody.log.INFO.20260811-005807.8131': Read-only file system
Could not open any log file.
Could not open the log file '/tmp/tpu_driver.t1v-n-938863f7-w-0.nobody.log.INFO.20260811-005807.8131': Read-only file system
Could not open any log file.
Could not open the log file '/tmp/tpu_driver.t1v-n-938863f7-w-0.nobody.log.INFO.20260811-005807.8131': Read-only file system
Could not open any log file.
Could not open the log file '/tmp/tpu_driver.t1v-n-938863f7-w-0.nobody.log.INFO.20260811-005807.8131': Read-only file system
Could not open any log file.
Could not open the log file '/tmp/tpu_driver.t1v-n-938863f7-w-0.nobody.log.INFO.20260811-005807.8131': Read-only file system
Could not open any log file.
Could not open the log file '/tmp/tpu_driver.t1v-n-938863f7-w-0.nobody.log.INFO.20260811-005807.8131': Read-only file system
Could not open any log file.
Could not open the log file '/tmp/tpu_driver.t1v-n-938863f7-w-0.nobody.log.INFO.20260811-005807.8131': Read-only file system
Could not open any log file.
Could not open the log file '/tmp/tpu_driver.t1v-n-938863f7-w-0.nobody.log.INFO.20260811-005807.8131': Read-only file system
Could not open any log file.
Could not open the log file '/tmp/tpu_driver.t1v-n-938863f7-w-0.nobody.log.INFO.20260811-005807.8131': Read-only file system
Could not open any log file.
Could not open the log file '/tmp/tpu_driver.t1v-n-938863f7-w-0.nobody.log.INFO.20260811-005807.8131': Read-only file system
Could not open any log file.
Could not open the log file '/tmp/tpu_driver.t1v-n-938863f7-w-0.nobody.log.INFO.20260811-005807.8131': Read-only file system
Could not open any log file.
Could not open the log file '/tmp/tpu_driver.t1v-n-938863f7-w-0.nobody.log.INFO.20260811-005807.8131': Read-only file system
Could not open any log file.
Could not open the log file '/tmp/tpu_driver.t1v-n-938863f7-w-0.nobody.log.INFO.20260811-005807.8131': Read-only file system
Could not open any log file.
Could not open the log file '/tmp/tpu_driver.t1v-n-938863f7-w-0.nobody.log.INFO.20260811-005807.8131': Read-only file system
Could not open any log file.
Could not open the log file '/tmp/tpu_driver.t1v-n-938863f7-w-0.nobody.log.INFO.20260811-005807.8131': Read-only file system
Could not open any log file.
Could not open the log file '/tmp/tpu_driver.t1v-n-938863f7-w-0.nobody.log.INFO.20260811-005807.8131': Read-only file system
Could not open any log file.
Could not open the log file '/tmp/tpu_driver.t1v-n-938863f7-w-0.nobody.log.INFO.20260811-005807.8131': Read-only file system
Could not open any log file.
Could not open the log file '/tmp/tpu_driver.t1v-n-938863f7-w-0.nobody.log.INFO.20260811-005807.8131': Read-only file system
Could not open any log file.
Could not open the log file '/tmp/tpu_driver.t1v-n-938863f7-w-0.nobody.log.INFO.20260811-005807.8131': Read-only file system
Could not open any log file.
Could not open the log file '/tmp/tpu_driver.t1v-n-938863f7-w-0.nobody.log.INFO.20260811-005807.8131': Read-only file system
Could not open any log file.
Could not open the log file '/tmp/tpu_driver.t1v-n-938863f7-w-0.nobody.log.INFO.20260811-005807.8131': Read-only file system
Could not open any log file.
Could not open the log file '/tmp/tpu_driver.t1v-n-938863f7-w-0.nobody.log.INFO.20260811-005807.8131': Read-only file system
Could not open any log file.
Could not open the log file '/tmp/tpu_driver.t1v-n-938863f7-w-0.nobody.log.INFO.20260811-005807.8131': Read-only file system
Could not open any log file.
Could not open the log file '/tmp/tpu_driver.t1v-n-938863f7-w-0.nobody.log.INFO.20260811-005807.8131': Read-only file system
Could not open any log file.
Could not open the log file '/tmp/tpu_driver.t1v-n-938863f7-w-0.nobody.log.INFO.20260811-005807.8131': Read-only file system
Could not open any log file.
Could not open the log file '/tmp/tpu_driver.t1v-n-938863f7-w-0.nobody.log.INFO.20260811-005807.8131': Read-only file system
Could not open any log file.
Could not open the log file '/tmp/tpu_driver.t1v-n-938863f7-w-0.nobody.log.INFO.20260811-005807.8131': Read-only file system
Could not open any log file.
Could not open the log file '/tmp/tpu_driver.t1v-n-938863f7-w-0.nobody.log.INFO.20260811-005807.8131': Read-only file system
Could not open any log file.
Could not open the log file '/tmp/tpu_driver.t1v-n-938863f7-w-0.nobody.log.INFO.20260811-005807.8131': Read-only file system
Could not open any log file.
Could not open the log file '/tmp/tpu_driver.t1v-n-938863f7-w-0.nobody.log.INFO.20260811-005807.8131': Read-only file system
Could not open any log file.
Could not open the log file '/tmp/tpu_driver.t1v-n-938863f7-w-0.nobody.log.INFO.20260811-005807.8131': Read-only file system
Could not open any log file.
Could not open the log file '/tmp/tpu_driver.t1v-n-938863f7-w-0.nobody.log.INFO.20260811-005807.8131': Read-only file system
Could not open any log file.
Could not open the log file '/tmp/tpu_driver.t1v-n-938863f7-w-0.nobody.log.INFO.20260811-005807.8131': Read-only file system
Could not open any log file.
Could not open the log file '/tmp/tpu_driver.t1v-n-938863f7-w-0.nobody.log.INFO.20260811-005807.8131': Read-only file system
Could not open any log file.
Could not open the log file '/tmp/tpu_driver.t1v-n-938863f7-w-0.nobody.log.INFO.20260811-005807.8131': Read-only file system
Could not open any log file.
Could not open the log file '/tmp/tpu_driver.t1v-n-938863f7-w-0.nobody.log.INFO.20260811-005807.8131': Read-only file system
Could not open any log file.
Could not open the log file '/tmp/tpu_driver.t1v-n-938863f7-w-0.nobody.log.INFO.20260811-005807.8131': Read-only file system
Could not open any log file.
Could not open the log file '/tmp/tpu_driver.t1v-n-938863f7-w-0.nobody.log.INFO.20260811-005808.8131': Read-only file system
Could not open any log file.
Could not open the log file '/tmp/tpu_driver.t1v-n-938863f7-w-0.nobody.log.INFO.20260811-005808.8131': Read-only file system
Could not open any log file.
Could not open the log file '/tmp/tpu_driver.t1v-n-938863f7-w-0.nobody.log.INFO.20260811-005808.8131': Read-only file system
Could not open any log file.
Could not open the log file '/tmp/tpu_driver.t1v-n-938863f7-w-0.nobody.log.INFO.20260811-005808.8131': Read-only file system
Could not open any log file.
Could not open the log file '/tmp/tpu_driver.t1v-n-938863f7-w-0.nobody.log.INFO.20260811-005808.8131': Read-only file system
Could not open any log file.
Could not open the log file '/tmp/tpu_driver.t1v-n-938863f7-w-0.nobody.log.INFO.20260811-005808.8131': Read-only file system
Could not open any log file.
Could not open the log file '/tmp/tpu_driver.t1v-n-938863f7-w-0.nobody.log.INFO.20260811-005808.8131': Read-only file system
Could not open any log file.
Could not open the log file '/tmp/tpu_driver.t1v-n-938863f7-w-0.nobody.log.INFO.20260811-005810.8131': Read-only file system
Could not open any log file.
Could not open the log file '/tmp/tpu_driver.t1v-n-938863f7-w-0.nobody.log.INFO.20260811-005810.8131': Read-only file system
Could not open any log file.
Could not open the log file '/tmp/tpu_driver.t1v-n-938863f7-w-0.nobody.log.INFO.20260811-005810.8131': Read-only file system
Could not open any log file.
Could not open the log file '/tmp/tpu_driver.t1v-n-938863f7-w-0.nobody.log.INFO.20260811-005810.8131': Read-only file system
Could not open any log file.
Could not open the log file '/tmp/tpu_driver.t1v-n-938863f7-w-0.nobody.log.INFO.20260811-005810.8131': Read-only file system
Could not open any log file.
Could not open the log file '/tmp/tpu_driver.t1v-n-938863f7-w-0.nobody.log.WARNING.20260811-005810.8131': Read-only file system
Could not open any log file.
Could not open the log file '/tmp/tpu_driver.t1v-n-938863f7-w-0.nobody.log.INFO.20260811-005810.8131': Read-only file system
Could not open any log file.
Could not open the log file '/tmp/tpu_driver.t1v-n-938863f7-w-0.nobody.log.WARNING.20260811-005810.8131': Read-only file system
Could not open any log file.
Could not open the log file '/tmp/tpu_driver.t1v-n-938863f7-w-0.nobody.log.INFO.20260811-005827.8131': Read-only file system
Could not open any log file.
Could not open the log file '/tmp/tpu_driver.t1v-n-938863f7-w-0.nobody.log.WARNING.20260811-005827.8131': Read-only file system
Could not open any log file.
Could not open the log file '/tmp/tpu_driver.t1v-n-938863f7-w-0.nobody.log.ERROR.20260811-005827.8131': Read-only file system
Could not open any log file.
Could not open the log file '/tmp/tpu_driver.t1v-n-938863f7-w-0.nobody.log.INFO.20260811-005827.8131': Read-only file system
Could not open any log file.
Could not open the log file '/tmp/tpu_driver.t1v-n-938863f7-w-0.nobody.log.WARNING.20260811-005827.8131': Read-only file system
Could not open any log file.
Could not open the log file '/tmp/tpu_driver.t1v-n-938863f7-w-0.nobody.log.INFO.20260811-005827.8131': Read-only file system
Could not open any log file.
Could not open the log file '/tmp/tpu_driver.t1v-n-938863f7-w-0.nobody.log.INFO.20260811-005827.8131': Read-only file system
Could not open any log file.
Could not open the log file '/tmp/tpu_driver.t1v-n-938863f7-w-0.nobody.log.INFO.20260811-005827.8131': Read-only file system
Could not open any log file.
Could not open the log file '/tmp/tpu_driver.t1v-n-938863f7-w-0.nobody.log.INFO.20260811-005829.8131': Read-only file system
Could not open any log file.
Could not open the log file '/tmp/tpu_driver.t1v-n-938863f7-w-0.nobody.log.WARNING.20260811-005829.8131': Read-only file system
Could not open any log file.
Could not open the log file '/tmp/tpu_driver.t1v-n-938863f7-w-0.nobody.log.INFO.20260811-005829.8131': Read-only file system
Could not open any log file.
