{
  "authentic": true,
  "correct": true,
  "error": null,
  "executable_tpu_custom_call": true,
  "hardware": {
    "device_count": 1,
    "device_kinds": [
      "TPU v5 lite"
    ],
    "platforms": [
      "tpu"
    ],
    "process_count": 1,
    "process_index": 0
  },
  "infrastructure_error": false,
  "kernel_sha256": "8421907c433932860a0c86e7dfe68cbe76746a94faaa5b1cbb2a479042d83785",
  "normal_lowered": true,
  "passed": true,
  "process": {
    "returncode": 0,
    "stderr": "",
    "stdout": "{\"authentic\": true, \"correct\": true, \"error\": null, \"executable_tpu_custom_call\": true, \"hardware\": {\"device_count\": 1, \"device_kinds\": [\"TPU v5 lite\"], \"platforms\": [\"tpu\"], \"process_count\": 1, \"process_index\": 0}, \"infrastructure_error\": false, \"kernel_sha256\": \"8421907c433932860a0c86e7dfe68cbe76746a94faaa5b1cbb2a479042d83785\", \"normal_lowered\": true, \"passed\": true, \"profile\": {\"admission\": {\"evidence_sha256\": \"809d8ff6140e7b1b6096a4936863348b975bd5a66a2c5a37b38f252c0a5e8e23\", \"execute_count\": 3, \"repetitions\": 3, \"verified\": true}, \"captured_at\": \"2026-08-07T20:39:53.842968+00:00\", \"compiler\": {\"cost_analysis\": {\"bytes accessed0{}\": 1179648.0, \"bytes accessed1{}\": 1179648.0, \"bytes accessedout{}\": 1179648.0, \"utilization0{}\": 1.0, \"utilization1{}\": 1.0}, \"executable_hlo_markers\": {\"custom-call\": 1, \"custom_call\": 3, \"mosaic\": 0, \"pallas\": 1, \"tpu_custom_call\": 1}, \"executable_hlo_sha256\": \"812fe656769469ec0c6b67a97d703530e4bdd9bafb8b077ed529e87261eb3390\", \"memory_analysis\": \"CompiledMemoryStats(generated_code_size_in_bytes=37376, argument_size_in_bytes=2359296, output_size_in_bytes=1179648, alias_size_in_bytes=0, temp_size_in_bytes=0, host_generated_code_size_in_bytes=0, host_argument_size_in_bytes=0, host_output_size_in_bytes=0, host_alias_size_in_bytes=0, host_temp_size_in_bytes=0)\", \"stablehlo_markers\": {\"custom-call\": 0, \"custom_call\": 3, \"mosaic\": 0, \"pallas\": 0, \"tpu_custom_call\": 1}, \"stablehlo_sha256\": \"d1197cade9f7c4042648bac8e1fd68917073b87d4c486925da99cf13a0d61e57\"}, \"correctness_verified\": false, \"label\": \"candidate\", \"repetitions\": 3, \"runtime\": {\"backend\": \"tpu\", \"chex\": \"0.1.90\", \"device_count\": 1, \"device_kinds\": [\"TPU v5 lite\"], \"jax\": \"0.6.2\", \"jaxlib\": \"0.6.2\", \"libtpu\": \"0.0.17.1\", \"platform\": \"Linux-5.19.0-1022-gcp-x86_64-with-glibc2.35\", \"process_count\": 1, \"process_index\": 0, \"python\": \"3.12.13\"}, \"schema_version\": 1, \"speedup\": 0.9878836990187079, \"timing\": {\"baseline_median_ms\": 0.11234900011913851, \"baseline_ms\": [0.11386844998924062, 0.11202300083823502, 0.11343844962539151, 0.11234900011913851, 0.11207500065211207, 0.11190099903615192, 0.11166949989274144, 0.11254145065322518, 0.1151949996710755], \"candidate_median_ms\": 0.11372695007594302, \"candidate_ms\": [0.11409099970478565, 0.11431050079409033, 0.11435650085331872, 0.11350999993737787, 0.11350599961588159, 0.11372695007594302, 0.11317199969198555, 0.11424545082263649, 0.11292600102024153], \"material_speedup_threshold\": 1.05, \"materially_beats_xla\": false, \"maximum_relative_spread\": 0.1, \"measurement_orders\": [[\"baseline\", \"candidate\"], [\"baseline\", \"candidate\"], [\"baseline\", \"candidate\"], [\"baseline\", \"candidate\"], [\"candidate\", \"baseline\"], [\"candidate\", \"baseline\"], [\"candidate\", \"baseline\"], [\"candidate\", \"baseline\"], [\"candidate\", \"baseline\"]], \"relative_spread\": {\"baseline\": 0.012598677208123837, \"candidate\": 0.006501987490749664}, \"speedup\": 0.9878836990187079, \"speedup_ci95\": [0.9810018678652335, 0.9994048773569796], \"unstable\": false, \"validation\": {\"rounds\": 9, \"verified\": true}}, \"trace\": {\"duration_event_count\": 98, \"event_count\": 119, \"named_duration_event_count\": 98, \"pallas_or_mosaic_event_names\": [], \"perfetto_relative_path\": \"trace/plugins/profile/2026_08_07_20_39_53/perfetto_trace.json.gz\", \"perfetto_sha256\": \"dfc8f879f5925e789d85ede131e7195a9aba048a5213e480952e62026e463e69\", \"top_duration_event_names\": [{\"count\": 6, \"name\": \"PjitFunction(jit(workload))\"}, {\"count\": 3, \"name\": \"tpu::System::Execute=>Done\"}, {\"count\": 3, \"name\": \"Release semaphore\"}, {\"count\": 3, \"name\": \"TfrtTpuLoadedExecutable::Execute\"}, {\"count\": 3, \"name\": \"TfrtTpuLoadedExecutable::ExecuteHelperOnSingleDevice\"}, {\"count\": 3, \"name\": \"TfrtTpuLoadedExecutable::ExecutePrepare\"}, {\"count\": 3, \"name\": \"Acquire semaphore\"}, {\"count\": 3, \"name\": \"Handle inputs\"}, {\"count\": 3, \"name\": \"AllocateOutputBufferWithInputReuse\"}, {\"count\": 3, \"name\": \"LoadProgram\"}, {\"count\": 3, \"name\": \"TfrtTpuLoadedExecutable::ExecuteLaunch\"}, {\"count\": 3, \"name\": \"Handle input event recording\"}, {\"count\": 3, \"name\": \"TfrtTpuLoadedExecutable::CreateOutputs\"}, {\"count\": 3, \"name\": \"Handle outputs without host buffers\"}, {\"count\": 3, \"name\": \"Wait for donation holds\"}, {\"count\": 3, \"name\": \"Wait for usage holds\"}, {\"count\": 3, \"name\": \"$profiler.py:319 __init__\"}, {\"count\": 3, \"name\": \"candidate\"}, {\"count\": 3, \"name\": \"$stages.py:546 __call__\"}, {\"count\": 3, \"name\": \"ParseArguments\"}, {\"count\": 3, \"name\": \"$api.py:3106 block_until_ready\"}, {\"count\": 3, \"name\": \"$tree_util.py:88 tree_leaves\"}, {\"count\": 3, \"name\": \"$builtins isinstance\"}, {\"count\": 3, \"name\": \"$<unknown> append\"}, {\"count\": 3, \"name\": \"$builtins len\"}, {\"count\": 3, \"name\": \"$api.py:3117 try_to_block\"}, {\"count\": 3, \"name\": \"jit_workload(2656889528725693219)\"}, {\"count\": 3, \"name\": \"main.1\"}, {\"count\": 3, \"name\": \"dependency-wait\"}, {\"count\": 2, \"name\": \"$profiler.py:241 trace\"}, {\"count\": 1, \"name\": \"$contextlib.py:132 __enter__\"}, {\"count\": 1, \"name\": \"$profiler.py:96 start_trace\"}, {\"count\": 1, \"name\": \"$<unknown> __exit__\"}, {\"count\": 1, \"name\": \"$contextlib.py:141 __exit__\"}, {\"count\": 1, \"name\": \"$builtins next\"}, {\"count\": 1, \"name\": \"$profiler.py:208 stop_trace\"}]}}, \"seed_results\": [{\"passed\": true, \"seed\": 0}, {\"passed\": true, \"seed\": 1}, {\"passed\": true, \"seed\": 2}], \"stage\": \"verified\", \"stages\": {\"artifact_contract\": true, \"full_shape_correctness\": true, \"normal_lowering\": true, \"pallas_api\": true, \"profile\": true, \"runtime_safety\": true, \"tpu_compile\": true}}\n",
    "timed_out": false
  },
  "profile": {
    "admission": {
      "evidence_sha256": "809d8ff6140e7b1b6096a4936863348b975bd5a66a2c5a37b38f252c0a5e8e23",
      "execute_count": 3,
      "repetitions": 3,
      "verified": true
    },
    "captured_at": "2026-08-07T20:39:53.842968+00:00",
    "compiler": {
      "cost_analysis": {
        "bytes accessed0{}": 1179648.0,
        "bytes accessed1{}": 1179648.0,
        "bytes accessedout{}": 1179648.0,
        "utilization0{}": 1.0,
        "utilization1{}": 1.0
      },
      "executable_hlo_markers": {
        "custom-call": 1,
        "custom_call": 3,
        "mosaic": 0,
        "pallas": 1,
        "tpu_custom_call": 1
      },
      "executable_hlo_sha256": "812fe656769469ec0c6b67a97d703530e4bdd9bafb8b077ed529e87261eb3390",
      "memory_analysis": "CompiledMemoryStats(generated_code_size_in_bytes=37376, argument_size_in_bytes=2359296, output_size_in_bytes=1179648, alias_size_in_bytes=0, temp_size_in_bytes=0, host_generated_code_size_in_bytes=0, host_argument_size_in_bytes=0, host_output_size_in_bytes=0, host_alias_size_in_bytes=0, host_temp_size_in_bytes=0)",
      "stablehlo_markers": {
        "custom-call": 0,
        "custom_call": 3,
        "mosaic": 0,
        "pallas": 0,
        "tpu_custom_call": 1
      },
      "stablehlo_sha256": "d1197cade9f7c4042648bac8e1fd68917073b87d4c486925da99cf13a0d61e57"
    },
    "correctness_verified": false,
    "label": "candidate",
    "repetitions": 3,
    "runtime": {
      "backend": "tpu",
      "chex": "0.1.90",
      "device_count": 1,
      "device_kinds": [
        "TPU v5 lite"
      ],
      "jax": "0.6.2",
      "jaxlib": "0.6.2",
      "libtpu": "0.0.17.1",
      "platform": "Linux-5.19.0-1022-gcp-x86_64-with-glibc2.35",
      "process_count": 1,
      "process_index": 0,
      "python": "3.12.13"
    },
    "schema_version": 1,
    "speedup": 0.9878836990187079,
    "timing": {
      "baseline_median_ms": 0.11234900011913851,
      "baseline_ms": [
        0.11386844998924062,
        0.11202300083823502,
        0.11343844962539151,
        0.11234900011913851,
        0.11207500065211207,
        0.11190099903615192,
        0.11166949989274144,
        0.11254145065322518,
        0.1151949996710755
      ],
      "candidate_median_ms": 0.11372695007594302,
      "candidate_ms": [
        0.11409099970478565,
        0.11431050079409033,
        0.11435650085331872,
        0.11350999993737787,
        0.11350599961588159,
        0.11372695007594302,
        0.11317199969198555,
        0.11424545082263649,
        0.11292600102024153
      ],
      "material_speedup_threshold": 1.05,
      "materially_beats_xla": false,
      "maximum_relative_spread": 0.1,
      "measurement_orders": [
        [
          "baseline",
          "candidate"
        ],
        [
          "baseline",
          "candidate"
        ],
        [
          "baseline",
          "candidate"
        ],
        [
          "baseline",
          "candidate"
        ],
        [
          "candidate",
          "baseline"
        ],
        [
          "candidate",
          "baseline"
        ],
        [
          "candidate",
          "baseline"
        ],
        [
          "candidate",
          "baseline"
        ],
        [
          "candidate",
          "baseline"
        ]
      ],
      "relative_spread": {
        "baseline": 0.012598677208123837,
        "candidate": 0.006501987490749664
      },
      "speedup": 0.9878836990187079,
      "speedup_ci95": [
        0.9810018678652335,
        0.9994048773569796
      ],
      "unstable": false,
      "validation": {
        "rounds": 9,
        "verified": true
      }
    },
    "trace": {
      "duration_event_count": 98,
      "event_count": 119,
      "named_duration_event_count": 98,
      "pallas_or_mosaic_event_names": [],
      "perfetto_relative_path": "trace/plugins/profile/2026_08_07_20_39_53/perfetto_trace.json.gz",
      "perfetto_sha256": "dfc8f879f5925e789d85ede131e7195a9aba048a5213e480952e62026e463e69",
      "top_duration_event_names": [
        {
          "count": 6,
          "name": "PjitFunction(jit(workload))"
        },
        {
          "count": 3,
          "name": "tpu::System::Execute=>Done"
        },
        {
          "count": 3,
          "name": "Release semaphore"
        },
        {
          "count": 3,
          "name": "TfrtTpuLoadedExecutable::Execute"
        },
        {
          "count": 3,
          "name": "TfrtTpuLoadedExecutable::ExecuteHelperOnSingleDevice"
        },
        {
          "count": 3,
          "name": "TfrtTpuLoadedExecutable::ExecutePrepare"
        },
        {
          "count": 3,
          "name": "Acquire semaphore"
        },
        {
          "count": 3,
          "name": "Handle inputs"
        },
        {
          "count": 3,
          "name": "AllocateOutputBufferWithInputReuse"
        },
        {
          "count": 3,
          "name": "LoadProgram"
        },
        {
          "count": 3,
          "name": "TfrtTpuLoadedExecutable::ExecuteLaunch"
        },
        {
          "count": 3,
          "name": "Handle input event recording"
        },
        {
          "count": 3,
          "name": "TfrtTpuLoadedExecutable::CreateOutputs"
        },
        {
          "count": 3,
          "name": "Handle outputs without host buffers"
        },
        {
          "count": 3,
          "name": "Wait for donation holds"
        },
        {
          "count": 3,
          "name": "Wait for usage holds"
        },
        {
          "count": 3,
          "name": "$profiler.py:319 __init__"
        },
        {
          "count": 3,
          "name": "candidate"
        },
        {
          "count": 3,
          "name": "$stages.py:546 __call__"
        },
        {
          "count": 3,
          "name": "ParseArguments"
        },
        {
          "count": 3,
          "name": "$api.py:3106 block_until_ready"
        },
        {
          "count": 3,
          "name": "$tree_util.py:88 tree_leaves"
        },
        {
          "count": 3,
          "name": "$builtins isinstance"
        },
        {
          "count": 3,
          "name": "$<unknown> append"
        },
        {
          "count": 3,
          "name": "$builtins len"
        },
        {
          "count": 3,
          "name": "$api.py:3117 try_to_block"
        },
        {
          "count": 3,
          "name": "jit_workload(2656889528725693219)"
        },
        {
          "count": 3,
          "name": "main.1"
        },
        {
          "count": 3,
          "name": "dependency-wait"
        },
        {
          "count": 2,
          "name": "$profiler.py:241 trace"
        },
        {
          "count": 1,
          "name": "$contextlib.py:132 __enter__"
        },
        {
          "count": 1,
          "name": "$profiler.py:96 start_trace"
        },
        {
          "count": 1,
          "name": "$<unknown> __exit__"
        },
        {
          "count": 1,
          "name": "$contextlib.py:141 __exit__"
        },
        {
          "count": 1,
          "name": "$builtins next"
        },
        {
          "count": 1,
          "name": "$profiler.py:208 stop_trace"
        }
      ]
    }
  },
  "seed_results": [
    {
      "passed": true,
      "seed": 0
    },
    {
      "passed": true,
      "seed": 1
    },
    {
      "passed": true,
      "seed": 2
    }
  ],
  "stage": "verified",
  "stages": {
    "artifact_contract": true,
    "full_shape_correctness": true,
    "normal_lowering": true,
    "pallas_api": true,
    "profile": true,
    "runtime_safety": true,
    "tpu_compile": true
  }
}
