{"error": "ValueError: The Pallas TPU lowering currently requires that rank 1 block shapes, either 1) the first (and only) dimension of the block shape is equal to the first (and only) dimension of the array shape, or 2) the first (and only) dimension of the block shape is a multiple of 1024, or 3) the first (and only) dimension of the block shape is a power of 2 and at least the tiling size (256 = 128 * (32 // 16)) of the array shape. Block spec for args[2] in pallas_call kernel at /tmp/opjax-phase31-worker-0j5emxq7/candidate/workspace/kernel.py:12 has block shape (Blocked(block_size=32),), array shape (128,), and index_map { lambda ; a:i32[] b:i32[]. let  in (b,) }, in memory space <MemorySpace.DEFAULT: 'default'>.\nSee details at https://docs.jax.dev/en/latest/pallas/grid_blockspec.html#pallas-blockspec", "passed": false, "schema_version": 1}
/tmp/opjax-phase31-submission/worker-venv/lib/python3.12/site-packages/jax/_src/cloud_tpu_init.py:88: UserWarning: Transparent hugepages are not enabled. TPU runtime startup and shutdown time should be significantly improved on TPU v5e and newer. If not already set, you may need to enable transparent hugepages in your VM image (sudo sh -c "echo always > /sys/kernel/mm/transparent_hugepage/enabled")
  warnings.warn(
Could not access /tmp/tpu_logs: mkdir errno=30
Could not open the log file '/tmp/tpu_driver.t1v-n-a2d2bc72-w-0.nobody.log.INFO.20260811-005923.6271': Read-only file system
Could not open any log file.
Could not open the log file '/tmp/tpu_driver.t1v-n-a2d2bc72-w-0.nobody.log.INFO.20260811-005923.6271': Read-only file system
Could not open any log file.
Could not open the log file '/tmp/tpu_driver.t1v-n-a2d2bc72-w-0.nobody.log.INFO.20260811-005923.6271': Read-only file system
Could not open any log file.
Could not open the log file '/tmp/tpu_driver.t1v-n-a2d2bc72-w-0.nobody.log.INFO.20260811-005923.6271': Read-only file system
Could not open any log file.
Could not open the log file '/tmp/tpu_driver.t1v-n-a2d2bc72-w-0.nobody.log.INFO.20260811-005923.6271': Read-only file system
Could not open any log file.
Could not open the log file '/tmp/tpu_driver.t1v-n-a2d2bc72-w-0.nobody.log.INFO.20260811-005923.6271': Read-only file system
Could not open any log file.
Could not open the log file '/tmp/tpu_driver.t1v-n-a2d2bc72-w-0.nobody.log.INFO.20260811-005923.6271': Read-only file system
Could not open any log file.
Could not open the log file '/tmp/tpu_driver.t1v-n-a2d2bc72-w-0.nobody.log.INFO.20260811-005923.6271': Read-only file system
Could not open any log file.
Could not open the log file '/tmp/tpu_driver.t1v-n-a2d2bc72-w-0.nobody.log.INFO.20260811-005923.6271': Read-only file system
Could not open any log file.
Could not open the log file '/tmp/tpu_driver.t1v-n-a2d2bc72-w-0.nobody.log.INFO.20260811-005923.6271': Read-only file system
Could not open any log file.
Could not open the log file '/tmp/tpu_driver.t1v-n-a2d2bc72-w-0.nobody.log.INFO.20260811-005923.6271': Read-only file system
Could not open any log file.
Could not open the log file '/tmp/tpu_driver.t1v-n-a2d2bc72-w-0.nobody.log.INFO.20260811-005923.6271': Read-only file system
Could not open any log file.
Could not open the log file '/tmp/tpu_driver.t1v-n-a2d2bc72-w-0.nobody.log.INFO.20260811-005923.6271': Read-only file system
Could not open any log file.
Could not open the log file '/tmp/tpu_driver.t1v-n-a2d2bc72-w-0.nobody.log.INFO.20260811-005923.6271': Read-only file system
Could not open any log file.
Could not open the log file '/tmp/tpu_driver.t1v-n-a2d2bc72-w-0.nobody.log.INFO.20260811-005923.6271': Read-only file system
Could not open any log file.
Could not open the log file '/tmp/tpu_driver.t1v-n-a2d2bc72-w-0.nobody.log.INFO.20260811-005923.6271': Read-only file system
Could not open any log file.
Could not open the log file '/tmp/tpu_driver.t1v-n-a2d2bc72-w-0.nobody.log.INFO.20260811-005923.6271': Read-only file system
Could not open any log file.
Could not open the log file '/tmp/tpu_driver.t1v-n-a2d2bc72-w-0.nobody.log.INFO.20260811-005923.6271': Read-only file system
Could not open any log file.
Could not open the log file '/tmp/tpu_driver.t1v-n-a2d2bc72-w-0.nobody.log.INFO.20260811-005923.6271': Read-only file system
Could not open any log file.
Could not open the log file '/tmp/tpu_driver.t1v-n-a2d2bc72-w-0.nobody.log.INFO.20260811-005923.6271': Read-only file system
Could not open any log file.
Could not open the log file '/tmp/tpu_driver.t1v-n-a2d2bc72-w-0.nobody.log.INFO.20260811-005923.6271': Read-only file system
Could not open any log file.
Could not open the log file '/tmp/tpu_driver.t1v-n-a2d2bc72-w-0.nobody.log.INFO.20260811-005923.6271': Read-only file system
Could not open any log file.
Could not open the log file '/tmp/tpu_driver.t1v-n-a2d2bc72-w-0.nobody.log.INFO.20260811-005923.6271': Read-only file system
Could not open any log file.
Could not open the log file '/tmp/tpu_driver.t1v-n-a2d2bc72-w-0.nobody.log.INFO.20260811-005923.6271': Read-only file system
Could not open any log file.
Could not open the log file '/tmp/tpu_driver.t1v-n-a2d2bc72-w-0.nobody.log.INFO.20260811-005923.6271': Read-only file system
Could not open any log file.
Could not open the log file '/tmp/tpu_driver.t1v-n-a2d2bc72-w-0.nobody.log.INFO.20260811-005923.6271': Read-only file system
Could not open any log file.
Could not open the log file '/tmp/tpu_driver.t1v-n-a2d2bc72-w-0.nobody.log.INFO.20260811-005923.6271': Read-only file system
Could not open any log file.
Could not open the log file '/tmp/tpu_driver.t1v-n-a2d2bc72-w-0.nobody.log.INFO.20260811-005923.6271': Read-only file system
Could not open any log file.
Could not open the log file '/tmp/tpu_driver.t1v-n-a2d2bc72-w-0.nobody.log.INFO.20260811-005923.6271': Read-only file system
Could not open any log file.
Could not open the log file '/tmp/tpu_driver.t1v-n-a2d2bc72-w-0.nobody.log.INFO.20260811-005923.6271': Read-only file system
Could not open any log file.
Could not open the log file '/tmp/tpu_driver.t1v-n-a2d2bc72-w-0.nobody.log.INFO.20260811-005923.6271': Read-only file system
Could not open any log file.
Could not open the log file '/tmp/tpu_driver.t1v-n-a2d2bc72-w-0.nobody.log.INFO.20260811-005923.6271': Read-only file system
Could not open any log file.
Could not open the log file '/tmp/tpu_driver.t1v-n-a2d2bc72-w-0.nobody.log.INFO.20260811-005923.6271': Read-only file system
Could not open any log file.
Could not open the log file '/tmp/tpu_driver.t1v-n-a2d2bc72-w-0.nobody.log.INFO.20260811-005923.6271': Read-only file system
Could not open any log file.
Could not open the log file '/tmp/tpu_driver.t1v-n-a2d2bc72-w-0.nobody.log.INFO.20260811-005923.6271': Read-only file system
Could not open any log file.
Could not open the log file '/tmp/tpu_driver.t1v-n-a2d2bc72-w-0.nobody.log.INFO.20260811-005923.6271': Read-only file system
Could not open any log file.
Could not open the log file '/tmp/tpu_driver.t1v-n-a2d2bc72-w-0.nobody.log.INFO.20260811-005923.6271': Read-only file system
Could not open any log file.
Could not open the log file '/tmp/tpu_driver.t1v-n-a2d2bc72-w-0.nobody.log.INFO.20260811-005923.6271': Read-only file system
Could not open any log file.
Could not open the log file '/tmp/tpu_driver.t1v-n-a2d2bc72-w-0.nobody.log.INFO.20260811-005923.6271': Read-only file system
Could not open any log file.
Could not open the log file '/tmp/tpu_driver.t1v-n-a2d2bc72-w-0.nobody.log.INFO.20260811-005923.6271': Read-only file system
Could not open any log file.
Could not open the log file '/tmp/tpu_driver.t1v-n-a2d2bc72-w-0.nobody.log.INFO.20260811-005923.6271': Read-only file system
Could not open any log file.
Could not open the log file '/tmp/tpu_driver.t1v-n-a2d2bc72-w-0.nobody.log.INFO.20260811-005923.6271': Read-only file system
Could not open any log file.
Could not open the log file '/tmp/tpu_driver.t1v-n-a2d2bc72-w-0.nobody.log.INFO.20260811-005923.6271': Read-only file system
Could not open any log file.
Could not open the log file '/tmp/tpu_driver.t1v-n-a2d2bc72-w-0.nobody.log.INFO.20260811-005923.6271': Read-only file system
Could not open any log file.
Could not open the log file '/tmp/tpu_driver.t1v-n-a2d2bc72-w-0.nobody.log.INFO.20260811-005923.6271': Read-only file system
Could not open any log file.
Could not open the log file '/tmp/tpu_driver.t1v-n-a2d2bc72-w-0.nobody.log.INFO.20260811-005923.6271': Read-only file system
Could not open any log file.
Could not open the log file '/tmp/tpu_driver.t1v-n-a2d2bc72-w-0.nobody.log.INFO.20260811-005923.6271': Read-only file system
Could not open any log file.
Could not open the log file '/tmp/tpu_driver.t1v-n-a2d2bc72-w-0.nobody.log.INFO.20260811-005923.6271': Read-only file system
Could not open any log file.
Could not open the log file '/tmp/tpu_driver.t1v-n-a2d2bc72-w-0.nobody.log.INFO.20260811-005923.6271': Read-only file system
Could not open any log file.
Could not open the log file '/tmp/tpu_driver.t1v-n-a2d2bc72-w-0.nobody.log.INFO.20260811-005923.6271': Read-only file system
Could not open any log file.
Could not open the log file '/tmp/tpu_driver.t1v-n-a2d2bc72-w-0.nobody.log.INFO.20260811-005923.6271': Read-only file system
Could not open any log file.
Could not open the log file '/tmp/tpu_driver.t1v-n-a2d2bc72-w-0.nobody.log.INFO.20260811-005923.6271': Read-only file system
Could not open any log file.
Could not open the log file '/tmp/tpu_driver.t1v-n-a2d2bc72-w-0.nobody.log.INFO.20260811-005923.6271': Read-only file system
Could not open any log file.
Could not open the log file '/tmp/tpu_driver.t1v-n-a2d2bc72-w-0.nobody.log.INFO.20260811-005923.6271': Read-only file system
Could not open any log file.
Could not open the log file '/tmp/tpu_driver.t1v-n-a2d2bc72-w-0.nobody.log.INFO.20260811-005923.6271': Read-only file system
Could not open any log file.
Could not open the log file '/tmp/tpu_driver.t1v-n-a2d2bc72-w-0.nobody.log.INFO.20260811-005923.6271': Read-only file system
Could not open any log file.
Could not open the log file '/tmp/tpu_driver.t1v-n-a2d2bc72-w-0.nobody.log.INFO.20260811-005923.6271': Read-only file system
Could not open any log file.
Could not open the log file '/tmp/tpu_driver.t1v-n-a2d2bc72-w-0.nobody.log.INFO.20260811-005923.6271': Read-only file system
Could not open any log file.
Could not open the log file '/tmp/tpu_driver.t1v-n-a2d2bc72-w-0.nobody.log.INFO.20260811-005923.6271': Read-only file system
Could not open any log file.
Could not open the log file '/tmp/tpu_driver.t1v-n-a2d2bc72-w-0.nobody.log.INFO.20260811-005924.6271': Read-only file system
Could not open any log file.
Could not open the log file '/tmp/tpu_driver.t1v-n-a2d2bc72-w-0.nobody.log.INFO.20260811-005924.6271': Read-only file system
Could not open any log file.
Could not open the log file '/tmp/tpu_driver.t1v-n-a2d2bc72-w-0.nobody.log.INFO.20260811-005924.6271': Read-only file system
Could not open any log file.
Could not open the log file '/tmp/tpu_driver.t1v-n-a2d2bc72-w-0.nobody.log.INFO.20260811-005924.6271': Read-only file system
Could not open any log file.
Could not open the log file '/tmp/tpu_driver.t1v-n-a2d2bc72-w-0.nobody.log.INFO.20260811-005924.6271': Read-only file system
Could not open any log file.
Could not open the log file '/tmp/tpu_driver.t1v-n-a2d2bc72-w-0.nobody.log.INFO.20260811-005924.6271': Read-only file system
Could not open any log file.
Could not open the log file '/tmp/tpu_driver.t1v-n-a2d2bc72-w-0.nobody.log.INFO.20260811-005924.6271': Read-only file system
Could not open any log file.
Could not open the log file '/tmp/tpu_driver.t1v-n-a2d2bc72-w-0.nobody.log.INFO.20260811-005926.6271': Read-only file system
Could not open any log file.
Could not open the log file '/tmp/tpu_driver.t1v-n-a2d2bc72-w-0.nobody.log.WARNING.20260811-005926.6271': Read-only file system
Could not open any log file.
Could not open the log file '/tmp/tpu_driver.t1v-n-a2d2bc72-w-0.nobody.log.INFO.20260811-005927.6271': Read-only file system
Could not open any log file.
