{"error": "JaxRuntimeError: RESOURCE_EXHAUSTED: XLA:TPU compile permanent error. Ran out of memory in memory space vmem. Used 135.39M of 128.00M vmem. Exceeded vmem capacity by 7.39M.\n\nProgram vmem requirement 135.39M:\n    scoped          135.39M\n\n  Largest program allocations in vmem:\n\n  1. Size: 128.00M\n     Operator: op_name=\"jit(workload)/pallas_call\"\n     Shape: u8[134217728]{0}\n     Unpadded size: 128.00M\n     Tag: input window allocation for operator input 1. The window shape is bf16[8192,8192], while the full shape is bf16[8192,8192]. The u8 shape/size shown above represents the raw byte size of this window in VMEM. This allocation is single buffered.\n     XLA label: workload.1 = custom-call(x.1, gemm_weight.1, gemm_bias.1, gn_weight.1, ...(+2)), custom_call_target=\"tpu_custom_call\", operand_layout_constraints={bf16[4096,8192]{1,0}, bf16[8192,8192]{1,0}, bf16[8192]{0}, bf16[8192]{0}, bf16[8192]{0}, bf16[8192]{0}}, frontend_attributes={kernel_metadata={}}\n     Allocation type: scoped\n     ==========================\n\n  2. Size: 3.32M\n     XLA label: register allocator spill slots in HLO :: workload.1\n     Allocation type: scoped\n     ==========================\n\n  3. Size: 2.00M\n     Operator: op_name=\"jit(workload)/pallas_call\"\n     Shape: u8[2097152]{0}\n     Unpadded size: 2.00M\n     Tag: input window allocation for operator input 0. The window shape is bf16[64,8192], while the full shape is bf16[4096,8192]. The u8 shape/size shown above represents the raw byte size of this window in VMEM. This allocation has 2 buffering levels.\n     XLA label: workload.1 = custom-call(x.1, gemm_weight.1, gemm_bias.1, gn_weight.1, ...(+2)), custom_call_target=\"tpu_custom_call\", operand_layout_constraints={bf16[4096,8192]{1,0}, bf16[8192,8192]{1,0}, bf16[8192]{0}, bf16[8192]{0}, bf16[8192]{0}, bf16[8192]{0}}, frontend_attributes={kernel_metadata={}}\n     Allocation type: scoped\n     ==========================\n\n  4. Size: 2.00M\n     Operator: op_name=\"jit(workload)/pallas_call\"\n     Shape: u8[2097152]{0}\n     Unpadded size: 2.00M\n     Tag: output window allocation for operator output 0. The window shape is bf16[64,8192], while the full shape is bf16[4096,8192]. The u8 shape/size shown above represents the raw byte size of this window in VMEM. This allocation has 2 buffering levels.\n     XLA label: workload.1 = custom-call(x.1, gemm_weight.1, gemm_bias.1, gn_weight.1, ...(+2)), custom_call_target=\"tpu_custom_call\", operand_layout_constraints={bf16[4096,8192]{1,0}, bf16[8192,8192]{1,0}, bf16[8192]{0}, bf16[8192]{0}, bf16[8192]{0}, bf16[8192]{0}}, frontend_attributes={kernel_metadata={}}\n     Allocation type: scoped\n     ==========================\n\n  5. Size: 16.0K\n     Operator: op_name=\"jit(workload)/pallas_call\"\n     Shape: u8[16384]{0}\n     Unpadded size: 16.0K\n     Tag: input window allocation for operator input 2. The window shape is bf16[8192], while the full shape is bf16[8192]. The u8 shape/size shown above represents the raw byte size of this window in VMEM. This allocation is single buffered.\n     XLA label: workload.1 = custom-call(x.1, gemm_weight.1, gemm_bias.1, gn_weight.1, ...(+2)), custom_call_target=\"tpu_custom_call\", operand_layout_constraints={bf16[4096,8192]{1,0}, bf16[8192,8192]{1,0}, bf16[8192]{0}, bf16[8192]{0}, bf16[8192]{0}, bf16[8192]{0}}, frontend_attributes={kernel_metadata={}}\n     Allocation type: scoped\n     ==========================\n\n  6. Size: 16.0K\n     Operator: op_name=\"jit(workload)/pallas_call\"\n     Shape: u8[16384]{0}\n     Unpadded size: 16.0K\n     Tag: input window allocation for operator input 3. The window shape is bf16[8192], while the full shape is bf16[8192]. The u8 shape/size shown above represents the raw byte size of this window in VMEM. This allocation is single buffered.\n     XLA label: workload.1 = custom-call(x.1, gemm_weight.1, gemm_bias.1, gn_weight.1, ...(+2)), custom_call_target=\"tpu_custom_call\", operand_layout_constraints={bf16[4096,8192]{1,0}, bf16[8192,8192]{1,0}, bf16[8192]{0}, bf16[8192]{0}, bf16[8192]{0}, bf16[8192]{0}}, frontend_attributes={kernel_metadata={}}\n     Allocation type: scoped\n     ==========================\n\n  7. Size: 16.0K\n     Operator: op_name=\"jit(workload)/pallas_call\"\n     Shape: u8[16384]{0}\n     Unpadded size: 16.0K\n     Tag: input window allocation for operator input 4. The window shape is bf16[8192], while the full shape is bf16[8192]. The u8 shape/size shown above represents the raw byte size of this window in VMEM. This allocation is single buffered.\n     XLA label: workload.1 = custom-call(x.1, gemm_weight.1, gemm_bias.1, gn_weight.1, ...(+2)), custom_call_target=\"tpu_custom_call\", operand_layout_constraints={bf16[4096,8192]{1,0}, bf16[8192,8192]{1,0}, bf16[8192]{0}, bf16[8192]{0}, bf16[8192]{0}, bf16[8192]{0}}, frontend_attributes={kernel_metadata={}}\n     Allocation type: scoped\n     ==========================\n\n  8. Size: 16.0K\n     Operator: op_name=\"jit(workload)/pallas_call\"\n     Shape: u8[16384]{0}\n     Unpadded size: 16.0K\n     Tag: input window allocation for operator input 5. The window shape is bf16[8192], while the full shape is bf16[8192]. The u8 shape/size shown above represents the raw byte size of this window in VMEM. This allocation is single buffered.\n     XLA label: workload.1 = custom-call(x.1, gemm_weight.1, gemm_bias.1, gn_weight.1, ...(+2)), custom_call_target=\"tpu_custom_call\", operand_layout_constraints={bf16[4096,8192]{1,0}, bf16[8192,8192]{1,0}, bf16[8192]{0}, bf16[8192]{0}, bf16[8192]{0}, bf16[8192]{0}}, frontend_attributes={kernel_metadata={}}\n     Allocation type: scoped\n     ==========================\n\n [type.googleapis.com/tensorflow.tpu.CompilationResultProto='\\x08\\x08\\x12\\x9d+Ran out of memory in memory space vmem. Used 135.39M of 128.00M vmem. Exceeded vmem capacity by 7.39M.\\n\\nProgram vmem requir...[truncated]']", "passed": false, "schema_version": 1}
/tmp/opjax-phase31-submission/worker-venv/lib/python3.12/site-packages/jax/_src/cloud_tpu_init.py:88: UserWarning: Transparent hugepages are not enabled. TPU runtime startup and shutdown time should be significantly improved on TPU v5e and newer. If not already set, you may need to enable transparent hugepages in your VM image (sudo sh -c "echo always > /sys/kernel/mm/transparent_hugepage/enabled")
  warnings.warn(
Could not access /tmp/tpu_logs: mkdir errno=30
Could not open the log file '/tmp/tpu_driver.t1v-n-fadf10df-w-0.nobody.log.INFO.20260811-031117.6339': Read-only file system
Could not open any log file.
Could not open the log file '/tmp/tpu_driver.t1v-n-fadf10df-w-0.nobody.log.INFO.20260811-031117.6339': Read-only file system
Could not open any log file.
Could not open the log file '/tmp/tpu_driver.t1v-n-fadf10df-w-0.nobody.log.INFO.20260811-031117.6339': Read-only file system
Could not open any log file.
Could not open the log file '/tmp/tpu_driver.t1v-n-fadf10df-w-0.nobody.log.INFO.20260811-031117.6339': Read-only file system
Could not open any log file.
Could not open the log file '/tmp/tpu_driver.t1v-n-fadf10df-w-0.nobody.log.INFO.20260811-031117.6339': Read-only file system
Could not open any log file.
Could not open the log file '/tmp/tpu_driver.t1v-n-fadf10df-w-0.nobody.log.INFO.20260811-031117.6339': Read-only file system
Could not open any log file.
Could not open the log file '/tmp/tpu_driver.t1v-n-fadf10df-w-0.nobody.log.INFO.20260811-031117.6339': Read-only file system
Could not open any log file.
Could not open the log file '/tmp/tpu_driver.t1v-n-fadf10df-w-0.nobody.log.INFO.20260811-031117.6339': Read-only file system
Could not open any log file.
Could not open the log file '/tmp/tpu_driver.t1v-n-fadf10df-w-0.nobody.log.INFO.20260811-031117.6339': Read-only file system
Could not open any log file.
Could not open the log file '/tmp/tpu_driver.t1v-n-fadf10df-w-0.nobody.log.INFO.20260811-031117.6339': Read-only file system
Could not open any log file.
Could not open the log file '/tmp/tpu_driver.t1v-n-fadf10df-w-0.nobody.log.INFO.20260811-031117.6339': Read-only file system
Could not open any log file.
Could not open the log file '/tmp/tpu_driver.t1v-n-fadf10df-w-0.nobody.log.INFO.20260811-031117.6339': Read-only file system
Could not open any log file.
Could not open the log file '/tmp/tpu_driver.t1v-n-fadf10df-w-0.nobody.log.INFO.20260811-031117.6339': Read-only file system
Could not open any log file.
Could not open the log file '/tmp/tpu_driver.t1v-n-fadf10df-w-0.nobody.log.INFO.20260811-031117.6339': Read-only file system
Could not open any log file.
Could not open the log file '/tmp/tpu_driver.t1v-n-fadf10df-w-0.nobody.log.INFO.20260811-031117.6339': Read-only file system
Could not open any log file.
Could not open the log file '/tmp/tpu_driver.t1v-n-fadf10df-w-0.nobody.log.INFO.20260811-031117.6339': Read-only file system
Could not open any log file.
Could not open the log file '/tmp/tpu_driver.t1v-n-fadf10df-w-0.nobody.log.INFO.20260811-031117.6339': Read-only file system
Could not open any log file.
Could not open the log file '/tmp/tpu_driver.t1v-n-fadf10df-w-0.nobody.log.INFO.20260811-031117.6339': Read-only file system
Could not open any log file.
Could not open the log file '/tmp/tpu_driver.t1v-n-fadf10df-w-0.nobody.log.INFO.20260811-031117.6339': Read-only file system
Could not open any log file.
Could not open the log file '/tmp/tpu_driver.t1v-n-fadf10df-w-0.nobody.log.INFO.20260811-031117.6339': Read-only file system
Could not open any log file.
Could not open the log file '/tmp/tpu_driver.t1v-n-fadf10df-w-0.nobody.log.INFO.20260811-031117.6339': Read-only file system
Could not open any log file.
Could not open the log file '/tmp/tpu_driver.t1v-n-fadf10df-w-0.nobody.log.INFO.20260811-031117.6339': Read-only file system
Could not open any log file.
Could not open the log file '/tmp/tpu_driver.t1v-n-fadf10df-w-0.nobody.log.INFO.20260811-031117.6339': Read-only file system
Could not open any log file.
Could not open the log file '/tmp/tpu_driver.t1v-n-fadf10df-w-0.nobody.log.INFO.20260811-031117.6339': Read-only file system
Could not open any log file.
Could not open the log file '/tmp/tpu_driver.t1v-n-fadf10df-w-0.nobody.log.INFO.20260811-031117.6339': Read-only file system
Could not open any log file.
Could not open the log file '/tmp/tpu_driver.t1v-n-fadf10df-w-0.nobody.log.INFO.20260811-031117.6339': Read-only file system
Could not open any log file.
Could not open the log file '/tmp/tpu_driver.t1v-n-fadf10df-w-0.nobody.log.INFO.20260811-031117.6339': Read-only file system
Could not open any log file.
Could not open the log file '/tmp/tpu_driver.t1v-n-fadf10df-w-0.nobody.log.INFO.20260811-031117.6339': Read-only file system
Could not open any log file.
Could not open the log file '/tmp/tpu_driver.t1v-n-fadf10df-w-0.nobody.log.INFO.20260811-031117.6339': Read-only file system
Could not open any log file.
Could not open the log file '/tmp/tpu_driver.t1v-n-fadf10df-w-0.nobody.log.INFO.20260811-031117.6339': Read-only file system
Could not open any log file.
Could not open the log file '/tmp/tpu_driver.t1v-n-fadf10df-w-0.nobody.log.INFO.20260811-031117.6339': Read-only file system
Could not open any log file.
Could not open the log file '/tmp/tpu_driver.t1v-n-fadf10df-w-0.nobody.log.INFO.20260811-031117.6339': Read-only file system
Could not open any log file.
Could not open the log file '/tmp/tpu_driver.t1v-n-fadf10df-w-0.nobody.log.INFO.20260811-031117.6339': Read-only file system
Could not open any log file.
Could not open the log file '/tmp/tpu_driver.t1v-n-fadf10df-w-0.nobody.log.INFO.20260811-031117.6339': Read-only file system
Could not open any log file.
Could not open the log file '/tmp/tpu_driver.t1v-n-fadf10df-w-0.nobody.log.INFO.20260811-031117.6339': Read-only file system
Could not open any log file.
Could not open the log file '/tmp/tpu_driver.t1v-n-fadf10df-w-0.nobody.log.INFO.20260811-031117.6339': Read-only file system
Could not open any log file.
Could not open the log file '/tmp/tpu_driver.t1v-n-fadf10df-w-0.nobody.log.INFO.20260811-031117.6339': Read-only file system
Could not open any log file.
Could not open the log file '/tmp/tpu_driver.t1v-n-fadf10df-w-0.nobody.log.INFO.20260811-031117.6339': Read-only file system
Could not open any log file.
Could not open the log file '/tmp/tpu_driver.t1v-n-fadf10df-w-0.nobody.log.INFO.20260811-031117.6339': Read-only file system
Could not open any log file.
Could not open the log file '/tmp/tpu_driver.t1v-n-fadf10df-w-0.nobody.log.INFO.20260811-031117.6339': Read-only file system
Could not open any log file.
Could not open the log file '/tmp/tpu_driver.t1v-n-fadf10df-w-0.nobody.log.INFO.20260811-031117.6339': Read-only file system
Could not open any log file.
Could not open the log file '/tmp/tpu_driver.t1v-n-fadf10df-w-0.nobody.log.INFO.20260811-031117.6339': Read-only file system
Could not open any log file.
Could not open the log file '/tmp/tpu_driver.t1v-n-fadf10df-w-0.nobody.log.INFO.20260811-031117.6339': Read-only file system
Could not open any log file.
Could not open the log file '/tmp/tpu_driver.t1v-n-fadf10df-w-0.nobody.log.INFO.20260811-031117.6339': Read-only file system
Could not open any log file.
Could not open the log file '/tmp/tpu_driver.t1v-n-fadf10df-w-0.nobody.log.INFO.20260811-031117.6339': Read-only file system
Could not open any log file.
Could not open the log file '/tmp/tpu_driver.t1v-n-fadf10df-w-0.nobody.log.INFO.20260811-031117.6339': Read-only file system
Could not open any log file.
Could not open the log file '/tmp/tpu_driver.t1v-n-fadf10df-w-0.nobody.log.INFO.20260811-031117.6339': Read-only file system
Could not open any log file.
Could not open the log file '/tmp/tpu_driver.t1v-n-fadf10df-w-0.nobody.log.INFO.20260811-031117.6339': Read-only file system
Could not open any log file.
Could not open the log file '/tmp/tpu_driver.t1v-n-fadf10df-w-0.nobody.log.INFO.20260811-031117.6339': Read-only file system
Could not open any log file.
Could not open the log file '/tmp/tpu_driver.t1v-n-fadf10df-w-0.nobody.log.INFO.20260811-031117.6339': Read-only file system
Could not open any log file.
Could not open the log file '/tmp/tpu_driver.t1v-n-fadf10df-w-0.nobody.log.INFO.20260811-031117.6339': Read-only file system
Could not open any log file.
Could not open the log file '/tmp/tpu_driver.t1v-n-fadf10df-w-0.nobody.log.INFO.20260811-031117.6339': Read-only file system
Could not open any log file.
Could not open the log file '/tmp/tpu_driver.t1v-n-fadf10df-w-0.nobody.log.INFO.20260811-031117.6339': Read-only file system
Could not open any log file.
Could not open the log file '/tmp/tpu_driver.t1v-n-fadf10df-w-0.nobody.log.INFO.20260811-031117.6339': Read-only file system
Could not open any log file.
Could not open the log file '/tmp/tpu_driver.t1v-n-fadf10df-w-0.nobody.log.INFO.20260811-031117.6339': Read-only file system
Could not open any log file.
Could not open the log file '/tmp/tpu_driver.t1v-n-fadf10df-w-0.nobody.log.INFO.20260811-031117.6339': Read-only file system
Could not open any log file.
Could not open the log file '/tmp/tpu_driver.t1v-n-fadf10df-w-0.nobody.log.INFO.20260811-031117.6339': Read-only file system
Could not open any log file.
Could not open the log file '/tmp/tpu_driver.t1v-n-fadf10df-w-0.nobody.log.INFO.20260811-031117.6339': Read-only file system
Could not open any log file.
Could not open the log file '/tmp/tpu_driver.t1v-n-fadf10df-w-0.nobody.log.INFO.20260811-031117.6339': Read-only file system
Could not open any log file.
Could not open the log file '/tmp/tpu_driver.t1v-n-fadf10df-w-0.nobody.log.INFO.20260811-031118.6339': Read-only file system
Could not open any log file.
Could not open the log file '/tmp/tpu_driver.t1v-n-fadf10df-w-0.nobody.log.INFO.20260811-031118.6339': Read-only file system
Could not open any log file.
Could not open the log file '/tmp/tpu_driver.t1v-n-fadf10df-w-0.nobody.log.INFO.20260811-031118.6339': Read-only file system
Could not open any log file.
Could not open the log file '/tmp/tpu_driver.t1v-n-fadf10df-w-0.nobody.log.INFO.20260811-031118.6339': Read-only file system
Could not open any log file.
Could not open the log file '/tmp/tpu_driver.t1v-n-fadf10df-w-0.nobody.log.INFO.20260811-031118.6339': Read-only file system
Could not open any log file.
Could not open the log file '/tmp/tpu_driver.t1v-n-fadf10df-w-0.nobody.log.INFO.20260811-031118.6339': Read-only file system
Could not open any log file.
Could not open the log file '/tmp/tpu_driver.t1v-n-fadf10df-w-0.nobody.log.INFO.20260811-031118.6339': Read-only file system
Could not open any log file.
Could not open the log file '/tmp/tpu_driver.t1v-n-fadf10df-w-0.nobody.log.INFO.20260811-031119.6339': Read-only file system
Could not open any log file.
Could not open the log file '/tmp/tpu_driver.t1v-n-fadf10df-w-0.nobody.log.INFO.20260811-031120.6339': Read-only file system
Could not open any log file.
Could not open the log file '/tmp/tpu_driver.t1v-n-fadf10df-w-0.nobody.log.INFO.20260811-031120.6339': Read-only file system
Could not open any log file.
Could not open the log file '/tmp/tpu_driver.t1v-n-fadf10df-w-0.nobody.log.INFO.20260811-031120.6339': Read-only file system
Could not open any log file.
Could not open the log file '/tmp/tpu_driver.t1v-n-fadf10df-w-0.nobody.log.INFO.20260811-031150.6339': Read-only file system
Could not open any log file.
Could not open the log file '/tmp/tpu_driver.t1v-n-fadf10df-w-0.nobody.log.WARNING.20260811-031150.6339': Read-only file system
Could not open any log file.
Could not open the log file '/tmp/tpu_driver.t1v-n-fadf10df-w-0.nobody.log.ERROR.20260811-031150.6339': Read-only file system
Could not open any log file.
Could not open the log file '/tmp/tpu_driver.t1v-n-fadf10df-w-0.nobody.log.INFO.20260811-031150.6339': Read-only file system
Could not open any log file.
Could not open the log file '/tmp/tpu_driver.t1v-n-fadf10df-w-0.nobody.log.WARNING.20260811-031150.6339': Read-only file system
Could not open any log file.
Could not open the log file '/tmp/tpu_driver.t1v-n-fadf10df-w-0.nobody.log.INFO.20260811-031150.6339': Read-only file system
Could not open any log file.
Could not open the log file '/tmp/tpu_driver.t1v-n-fadf10df-w-0.nobody.log.INFO.20260811-031150.6339': Read-only file system
Could not open any log file.
Could not open the log file '/tmp/tpu_driver.t1v-n-fadf10df-w-0.nobody.log.INFO.20260811-031150.6339': Read-only file system
Could not open any log file.
Could not open the log file '/tmp/tpu_driver.t1v-n-fadf10df-w-0.nobody.log.INFO.20260811-031150.6339': Read-only file system
Could not open any log file.
Could not open the log file '/tmp/tpu_driver.t1v-n-fadf10df-w-0.nobody.log.WARNING.20260811-031150.6339': Read-only file system
Could not open any log file.
Could not open the log file '/tmp/tpu_driver.t1v-n-fadf10df-w-0.nobody.log.INFO.20260811-031151.6339': Read-only file system
Could not open any log file.
