{"error": "ConcretizationTypeError: Abstract tracer value encountered where concrete value is expected: traced array with shape int32[]\nThe problem arose with the `float` function. If trying to convert the data type of a value, try using `x.astype(float)` or `jnp.array(x, float)` instead.\nThe error occurred while tracing the function retention_kernel at /tmp/opjax-phase31-worker-h3aik3vd/candidate/workspace/kernel.py:9 for pallas_call kernel. \n\nSee https://docs.jax.dev/en/latest/errors.html#jax.errors.ConcretizationTypeError", "passed": false, "schema_version": 1}
/tmp/opjax-phase31-submission/worker-venv/lib/python3.12/site-packages/jax/_src/cloud_tpu_init.py:88: UserWarning: Transparent hugepages are not enabled. TPU runtime startup and shutdown time should be significantly improved on TPU v5e and newer. If not already set, you may need to enable transparent hugepages in your VM image (sudo sh -c "echo always > /sys/kernel/mm/transparent_hugepage/enabled")
  warnings.warn(
Could not access /tmp/tpu_logs: mkdir errno=30
Could not open the log file '/tmp/tpu_driver.t1v-n-f20607bb-w-0.nobody.log.INFO.20260811-002928.6764': Read-only file system
Could not open any log file.
Could not open the log file '/tmp/tpu_driver.t1v-n-f20607bb-w-0.nobody.log.INFO.20260811-002928.6764': Read-only file system
Could not open any log file.
Could not open the log file '/tmp/tpu_driver.t1v-n-f20607bb-w-0.nobody.log.INFO.20260811-002928.6764': Read-only file system
Could not open any log file.
Could not open the log file '/tmp/tpu_driver.t1v-n-f20607bb-w-0.nobody.log.INFO.20260811-002928.6764': Read-only file system
Could not open any log file.
Could not open the log file '/tmp/tpu_driver.t1v-n-f20607bb-w-0.nobody.log.INFO.20260811-002928.6764': Read-only file system
Could not open any log file.
Could not open the log file '/tmp/tpu_driver.t1v-n-f20607bb-w-0.nobody.log.INFO.20260811-002928.6764': Read-only file system
Could not open any log file.
Could not open the log file '/tmp/tpu_driver.t1v-n-f20607bb-w-0.nobody.log.INFO.20260811-002928.6764': Read-only file system
Could not open any log file.
Could not open the log file '/tmp/tpu_driver.t1v-n-f20607bb-w-0.nobody.log.INFO.20260811-002928.6764': Read-only file system
Could not open any log file.
Could not open the log file '/tmp/tpu_driver.t1v-n-f20607bb-w-0.nobody.log.INFO.20260811-002928.6764': Read-only file system
Could not open any log file.
Could not open the log file '/tmp/tpu_driver.t1v-n-f20607bb-w-0.nobody.log.INFO.20260811-002928.6764': Read-only file system
Could not open any log file.
Could not open the log file '/tmp/tpu_driver.t1v-n-f20607bb-w-0.nobody.log.INFO.20260811-002928.6764': Read-only file system
Could not open any log file.
Could not open the log file '/tmp/tpu_driver.t1v-n-f20607bb-w-0.nobody.log.INFO.20260811-002928.6764': Read-only file system
Could not open any log file.
Could not open the log file '/tmp/tpu_driver.t1v-n-f20607bb-w-0.nobody.log.INFO.20260811-002928.6764': Read-only file system
Could not open any log file.
Could not open the log file '/tmp/tpu_driver.t1v-n-f20607bb-w-0.nobody.log.INFO.20260811-002928.6764': Read-only file system
Could not open any log file.
Could not open the log file '/tmp/tpu_driver.t1v-n-f20607bb-w-0.nobody.log.INFO.20260811-002928.6764': Read-only file system
Could not open any log file.
Could not open the log file '/tmp/tpu_driver.t1v-n-f20607bb-w-0.nobody.log.INFO.20260811-002928.6764': Read-only file system
Could not open any log file.
Could not open the log file '/tmp/tpu_driver.t1v-n-f20607bb-w-0.nobody.log.INFO.20260811-002928.6764': Read-only file system
Could not open any log file.
Could not open the log file '/tmp/tpu_driver.t1v-n-f20607bb-w-0.nobody.log.INFO.20260811-002928.6764': Read-only file system
Could not open any log file.
Could not open the log file '/tmp/tpu_driver.t1v-n-f20607bb-w-0.nobody.log.INFO.20260811-002928.6764': Read-only file system
Could not open any log file.
Could not open the log file '/tmp/tpu_driver.t1v-n-f20607bb-w-0.nobody.log.INFO.20260811-002928.6764': Read-only file system
Could not open any log file.
Could not open the log file '/tmp/tpu_driver.t1v-n-f20607bb-w-0.nobody.log.INFO.20260811-002928.6764': Read-only file system
Could not open any log file.
Could not open the log file '/tmp/tpu_driver.t1v-n-f20607bb-w-0.nobody.log.INFO.20260811-002928.6764': Read-only file system
Could not open any log file.
Could not open the log file '/tmp/tpu_driver.t1v-n-f20607bb-w-0.nobody.log.INFO.20260811-002928.6764': Read-only file system
Could not open any log file.
Could not open the log file '/tmp/tpu_driver.t1v-n-f20607bb-w-0.nobody.log.INFO.20260811-002928.6764': Read-only file system
Could not open any log file.
Could not open the log file '/tmp/tpu_driver.t1v-n-f20607bb-w-0.nobody.log.INFO.20260811-002928.6764': Read-only file system
Could not open any log file.
Could not open the log file '/tmp/tpu_driver.t1v-n-f20607bb-w-0.nobody.log.INFO.20260811-002928.6764': Read-only file system
Could not open any log file.
Could not open the log file '/tmp/tpu_driver.t1v-n-f20607bb-w-0.nobody.log.INFO.20260811-002928.6764': Read-only file system
Could not open any log file.
Could not open the log file '/tmp/tpu_driver.t1v-n-f20607bb-w-0.nobody.log.INFO.20260811-002928.6764': Read-only file system
Could not open any log file.
Could not open the log file '/tmp/tpu_driver.t1v-n-f20607bb-w-0.nobody.log.INFO.20260811-002928.6764': Read-only file system
Could not open any log file.
Could not open the log file '/tmp/tpu_driver.t1v-n-f20607bb-w-0.nobody.log.INFO.20260811-002928.6764': Read-only file system
Could not open any log file.
Could not open the log file '/tmp/tpu_driver.t1v-n-f20607bb-w-0.nobody.log.INFO.20260811-002928.6764': Read-only file system
Could not open any log file.
Could not open the log file '/tmp/tpu_driver.t1v-n-f20607bb-w-0.nobody.log.INFO.20260811-002928.6764': Read-only file system
Could not open any log file.
Could not open the log file '/tmp/tpu_driver.t1v-n-f20607bb-w-0.nobody.log.INFO.20260811-002928.6764': Read-only file system
Could not open any log file.
Could not open the log file '/tmp/tpu_driver.t1v-n-f20607bb-w-0.nobody.log.INFO.20260811-002928.6764': Read-only file system
Could not open any log file.
Could not open the log file '/tmp/tpu_driver.t1v-n-f20607bb-w-0.nobody.log.INFO.20260811-002928.6764': Read-only file system
Could not open any log file.
Could not open the log file '/tmp/tpu_driver.t1v-n-f20607bb-w-0.nobody.log.INFO.20260811-002928.6764': Read-only file system
Could not open any log file.
Could not open the log file '/tmp/tpu_driver.t1v-n-f20607bb-w-0.nobody.log.INFO.20260811-002928.6764': Read-only file system
Could not open any log file.
Could not open the log file '/tmp/tpu_driver.t1v-n-f20607bb-w-0.nobody.log.INFO.20260811-002928.6764': Read-only file system
Could not open any log file.
Could not open the log file '/tmp/tpu_driver.t1v-n-f20607bb-w-0.nobody.log.INFO.20260811-002928.6764': Read-only file system
Could not open any log file.
Could not open the log file '/tmp/tpu_driver.t1v-n-f20607bb-w-0.nobody.log.INFO.20260811-002928.6764': Read-only file system
Could not open any log file.
Could not open the log file '/tmp/tpu_driver.t1v-n-f20607bb-w-0.nobody.log.INFO.20260811-002928.6764': Read-only file system
Could not open any log file.
Could not open the log file '/tmp/tpu_driver.t1v-n-f20607bb-w-0.nobody.log.INFO.20260811-002928.6764': Read-only file system
Could not open any log file.
Could not open the log file '/tmp/tpu_driver.t1v-n-f20607bb-w-0.nobody.log.INFO.20260811-002928.6764': Read-only file system
Could not open any log file.
Could not open the log file '/tmp/tpu_driver.t1v-n-f20607bb-w-0.nobody.log.INFO.20260811-002928.6764': Read-only file system
Could not open any log file.
Could not open the log file '/tmp/tpu_driver.t1v-n-f20607bb-w-0.nobody.log.INFO.20260811-002928.6764': Read-only file system
Could not open any log file.
Could not open the log file '/tmp/tpu_driver.t1v-n-f20607bb-w-0.nobody.log.INFO.20260811-002928.6764': Read-only file system
Could not open any log file.
Could not open the log file '/tmp/tpu_driver.t1v-n-f20607bb-w-0.nobody.log.INFO.20260811-002928.6764': Read-only file system
Could not open any log file.
Could not open the log file '/tmp/tpu_driver.t1v-n-f20607bb-w-0.nobody.log.INFO.20260811-002928.6764': Read-only file system
Could not open any log file.
Could not open the log file '/tmp/tpu_driver.t1v-n-f20607bb-w-0.nobody.log.INFO.20260811-002928.6764': Read-only file system
Could not open any log file.
Could not open the log file '/tmp/tpu_driver.t1v-n-f20607bb-w-0.nobody.log.INFO.20260811-002928.6764': Read-only file system
Could not open any log file.
Could not open the log file '/tmp/tpu_driver.t1v-n-f20607bb-w-0.nobody.log.INFO.20260811-002928.6764': Read-only file system
Could not open any log file.
Could not open the log file '/tmp/tpu_driver.t1v-n-f20607bb-w-0.nobody.log.INFO.20260811-002928.6764': Read-only file system
Could not open any log file.
Could not open the log file '/tmp/tpu_driver.t1v-n-f20607bb-w-0.nobody.log.INFO.20260811-002928.6764': Read-only file system
Could not open any log file.
Could not open the log file '/tmp/tpu_driver.t1v-n-f20607bb-w-0.nobody.log.INFO.20260811-002928.6764': Read-only file system
Could not open any log file.
Could not open the log file '/tmp/tpu_driver.t1v-n-f20607bb-w-0.nobody.log.INFO.20260811-002928.6764': Read-only file system
Could not open any log file.
Could not open the log file '/tmp/tpu_driver.t1v-n-f20607bb-w-0.nobody.log.INFO.20260811-002928.6764': Read-only file system
Could not open any log file.
Could not open the log file '/tmp/tpu_driver.t1v-n-f20607bb-w-0.nobody.log.INFO.20260811-002928.6764': Read-only file system
Could not open any log file.
Could not open the log file '/tmp/tpu_driver.t1v-n-f20607bb-w-0.nobody.log.INFO.20260811-002928.6764': Read-only file system
Could not open any log file.
Could not open the log file '/tmp/tpu_driver.t1v-n-f20607bb-w-0.nobody.log.INFO.20260811-002928.6764': Read-only file system
Could not open any log file.
Could not open the log file '/tmp/tpu_driver.t1v-n-f20607bb-w-0.nobody.log.INFO.20260811-002929.6764': Read-only file system
Could not open any log file.
Could not open the log file '/tmp/tpu_driver.t1v-n-f20607bb-w-0.nobody.log.INFO.20260811-002929.6764': Read-only file system
Could not open any log file.
Could not open the log file '/tmp/tpu_driver.t1v-n-f20607bb-w-0.nobody.log.INFO.20260811-002929.6764': Read-only file system
Could not open any log file.
Could not open the log file '/tmp/tpu_driver.t1v-n-f20607bb-w-0.nobody.log.INFO.20260811-002929.6764': Read-only file system
Could not open any log file.
Could not open the log file '/tmp/tpu_driver.t1v-n-f20607bb-w-0.nobody.log.INFO.20260811-002929.6764': Read-only file system
Could not open any log file.
Could not open the log file '/tmp/tpu_driver.t1v-n-f20607bb-w-0.nobody.log.INFO.20260811-002929.6764': Read-only file system
Could not open any log file.
Could not open the log file '/tmp/tpu_driver.t1v-n-f20607bb-w-0.nobody.log.INFO.20260811-002929.6764': Read-only file system
Could not open any log file.
Could not open the log file '/tmp/tpu_driver.t1v-n-f20607bb-w-0.nobody.log.INFO.20260811-002932.6764': Read-only file system
Could not open any log file.
Could not open the log file '/tmp/tpu_driver.t1v-n-f20607bb-w-0.nobody.log.WARNING.20260811-002932.6764': Read-only file system
Could not open any log file.
Could not open the log file '/tmp/tpu_driver.t1v-n-f20607bb-w-0.nobody.log.INFO.20260811-002932.6764': Read-only file system
Could not open any log file.
