{"error": "TracerBoolConversionError: Attempted boolean conversion of traced array with shape bool[].\nThe error occurred while tracing the function kernel at /tmp/opjax-phase31-worker-wzwb5on5/candidate/workspace/kernel.py:190 for pallas_call kernel. This value became a tracer due to JAX operations on these lines:\n\n  operation a:i32[] = mul b 64:i32[]\n    from line /tmp/opjax-phase31-worker-wzwb5on5/candidate/workspace/kernel.py:199:24 (workload.<locals>.kernel)\n\n  operation a:i32[] = add b 1:i32[]\n    from line /tmp/opjax-phase31-worker-wzwb5on5/candidate/workspace/kernel.py:199:44 (workload.<locals>.kernel)\n\n  operation a:i32[] = mul b 64:i32[]\n    from line /tmp/opjax-phase31-worker-wzwb5on5/candidate/workspace/kernel.py:199:43 (workload.<locals>.kernel)\n\n  operation a:bool[] = ge b 0:i32[]\n    from line /tmp/opjax-phase31-worker-wzwb5on5/candidate/workspace/kernel.py:199:12 (workload.<locals>.kernel)\nSee https://docs.jax.dev/en/latest/errors.html#jax.errors.TracerBoolConversionError", "passed": false, "schema_version": 1}
/tmp/opjax-phase31-submission/worker-venv/lib/python3.12/site-packages/jax/_src/cloud_tpu_init.py:88: UserWarning: Transparent hugepages are not enabled. TPU runtime startup and shutdown time should be significantly improved on TPU v5e and newer. If not already set, you may need to enable transparent hugepages in your VM image (sudo sh -c "echo always > /sys/kernel/mm/transparent_hugepage/enabled")
  warnings.warn(
Could not access /tmp/tpu_logs: mkdir errno=30
Could not open the log file '/tmp/tpu_driver.t1v-n-97c20860-w-0.nobody.log.INFO.20260811-040826.6247': Read-only file system
Could not open any log file.
Could not open the log file '/tmp/tpu_driver.t1v-n-97c20860-w-0.nobody.log.INFO.20260811-040826.6247': Read-only file system
Could not open any log file.
Could not open the log file '/tmp/tpu_driver.t1v-n-97c20860-w-0.nobody.log.INFO.20260811-040826.6247': Read-only file system
Could not open any log file.
Could not open the log file '/tmp/tpu_driver.t1v-n-97c20860-w-0.nobody.log.INFO.20260811-040826.6247': Read-only file system
Could not open any log file.
Could not open the log file '/tmp/tpu_driver.t1v-n-97c20860-w-0.nobody.log.INFO.20260811-040826.6247': Read-only file system
Could not open any log file.
Could not open the log file '/tmp/tpu_driver.t1v-n-97c20860-w-0.nobody.log.INFO.20260811-040826.6247': Read-only file system
Could not open any log file.
Could not open the log file '/tmp/tpu_driver.t1v-n-97c20860-w-0.nobody.log.INFO.20260811-040826.6247': Read-only file system
Could not open any log file.
Could not open the log file '/tmp/tpu_driver.t1v-n-97c20860-w-0.nobody.log.INFO.20260811-040826.6247': Read-only file system
Could not open any log file.
Could not open the log file '/tmp/tpu_driver.t1v-n-97c20860-w-0.nobody.log.INFO.20260811-040826.6247': Read-only file system
Could not open any log file.
Could not open the log file '/tmp/tpu_driver.t1v-n-97c20860-w-0.nobody.log.INFO.20260811-040826.6247': Read-only file system
Could not open any log file.
Could not open the log file '/tmp/tpu_driver.t1v-n-97c20860-w-0.nobody.log.INFO.20260811-040826.6247': Read-only file system
Could not open any log file.
Could not open the log file '/tmp/tpu_driver.t1v-n-97c20860-w-0.nobody.log.INFO.20260811-040826.6247': Read-only file system
Could not open any log file.
Could not open the log file '/tmp/tpu_driver.t1v-n-97c20860-w-0.nobody.log.INFO.20260811-040826.6247': Read-only file system
Could not open any log file.
Could not open the log file '/tmp/tpu_driver.t1v-n-97c20860-w-0.nobody.log.INFO.20260811-040826.6247': Read-only file system
Could not open any log file.
Could not open the log file '/tmp/tpu_driver.t1v-n-97c20860-w-0.nobody.log.INFO.20260811-040826.6247': Read-only file system
Could not open any log file.
Could not open the log file '/tmp/tpu_driver.t1v-n-97c20860-w-0.nobody.log.INFO.20260811-040826.6247': Read-only file system
Could not open any log file.
Could not open the log file '/tmp/tpu_driver.t1v-n-97c20860-w-0.nobody.log.INFO.20260811-040826.6247': Read-only file system
Could not open any log file.
Could not open the log file '/tmp/tpu_driver.t1v-n-97c20860-w-0.nobody.log.INFO.20260811-040826.6247': Read-only file system
Could not open any log file.
Could not open the log file '/tmp/tpu_driver.t1v-n-97c20860-w-0.nobody.log.INFO.20260811-040826.6247': Read-only file system
Could not open any log file.
Could not open the log file '/tmp/tpu_driver.t1v-n-97c20860-w-0.nobody.log.INFO.20260811-040826.6247': Read-only file system
Could not open any log file.
Could not open the log file '/tmp/tpu_driver.t1v-n-97c20860-w-0.nobody.log.INFO.20260811-040826.6247': Read-only file system
Could not open any log file.
Could not open the log file '/tmp/tpu_driver.t1v-n-97c20860-w-0.nobody.log.INFO.20260811-040826.6247': Read-only file system
Could not open any log file.
Could not open the log file '/tmp/tpu_driver.t1v-n-97c20860-w-0.nobody.log.INFO.20260811-040826.6247': Read-only file system
Could not open any log file.
Could not open the log file '/tmp/tpu_driver.t1v-n-97c20860-w-0.nobody.log.INFO.20260811-040826.6247': Read-only file system
Could not open any log file.
Could not open the log file '/tmp/tpu_driver.t1v-n-97c20860-w-0.nobody.log.INFO.20260811-040826.6247': Read-only file system
Could not open any log file.
Could not open the log file '/tmp/tpu_driver.t1v-n-97c20860-w-0.nobody.log.INFO.20260811-040826.6247': Read-only file system
Could not open any log file.
Could not open the log file '/tmp/tpu_driver.t1v-n-97c20860-w-0.nobody.log.INFO.20260811-040826.6247': Read-only file system
Could not open any log file.
Could not open the log file '/tmp/tpu_driver.t1v-n-97c20860-w-0.nobody.log.INFO.20260811-040826.6247': Read-only file system
Could not open any log file.
Could not open the log file '/tmp/tpu_driver.t1v-n-97c20860-w-0.nobody.log.INFO.20260811-040826.6247': Read-only file system
Could not open any log file.
Could not open the log file '/tmp/tpu_driver.t1v-n-97c20860-w-0.nobody.log.INFO.20260811-040826.6247': Read-only file system
Could not open any log file.
Could not open the log file '/tmp/tpu_driver.t1v-n-97c20860-w-0.nobody.log.INFO.20260811-040826.6247': Read-only file system
Could not open any log file.
Could not open the log file '/tmp/tpu_driver.t1v-n-97c20860-w-0.nobody.log.INFO.20260811-040826.6247': Read-only file system
Could not open any log file.
Could not open the log file '/tmp/tpu_driver.t1v-n-97c20860-w-0.nobody.log.INFO.20260811-040826.6247': Read-only file system
Could not open any log file.
Could not open the log file '/tmp/tpu_driver.t1v-n-97c20860-w-0.nobody.log.INFO.20260811-040826.6247': Read-only file system
Could not open any log file.
Could not open the log file '/tmp/tpu_driver.t1v-n-97c20860-w-0.nobody.log.INFO.20260811-040826.6247': Read-only file system
Could not open any log file.
Could not open the log file '/tmp/tpu_driver.t1v-n-97c20860-w-0.nobody.log.INFO.20260811-040826.6247': Read-only file system
Could not open any log file.
Could not open the log file '/tmp/tpu_driver.t1v-n-97c20860-w-0.nobody.log.INFO.20260811-040826.6247': Read-only file system
Could not open any log file.
Could not open the log file '/tmp/tpu_driver.t1v-n-97c20860-w-0.nobody.log.INFO.20260811-040826.6247': Read-only file system
Could not open any log file.
Could not open the log file '/tmp/tpu_driver.t1v-n-97c20860-w-0.nobody.log.INFO.20260811-040826.6247': Read-only file system
Could not open any log file.
Could not open the log file '/tmp/tpu_driver.t1v-n-97c20860-w-0.nobody.log.INFO.20260811-040826.6247': Read-only file system
Could not open any log file.
Could not open the log file '/tmp/tpu_driver.t1v-n-97c20860-w-0.nobody.log.INFO.20260811-040826.6247': Read-only file system
Could not open any log file.
Could not open the log file '/tmp/tpu_driver.t1v-n-97c20860-w-0.nobody.log.INFO.20260811-040826.6247': Read-only file system
Could not open any log file.
Could not open the log file '/tmp/tpu_driver.t1v-n-97c20860-w-0.nobody.log.INFO.20260811-040826.6247': Read-only file system
Could not open any log file.
Could not open the log file '/tmp/tpu_driver.t1v-n-97c20860-w-0.nobody.log.INFO.20260811-040826.6247': Read-only file system
Could not open any log file.
Could not open the log file '/tmp/tpu_driver.t1v-n-97c20860-w-0.nobody.log.INFO.20260811-040826.6247': Read-only file system
Could not open any log file.
Could not open the log file '/tmp/tpu_driver.t1v-n-97c20860-w-0.nobody.log.INFO.20260811-040826.6247': Read-only file system
Could not open any log file.
Could not open the log file '/tmp/tpu_driver.t1v-n-97c20860-w-0.nobody.log.INFO.20260811-040826.6247': Read-only file system
Could not open any log file.
Could not open the log file '/tmp/tpu_driver.t1v-n-97c20860-w-0.nobody.log.INFO.20260811-040826.6247': Read-only file system
Could not open any log file.
Could not open the log file '/tmp/tpu_driver.t1v-n-97c20860-w-0.nobody.log.INFO.20260811-040826.6247': Read-only file system
Could not open any log file.
Could not open the log file '/tmp/tpu_driver.t1v-n-97c20860-w-0.nobody.log.INFO.20260811-040826.6247': Read-only file system
Could not open any log file.
Could not open the log file '/tmp/tpu_driver.t1v-n-97c20860-w-0.nobody.log.INFO.20260811-040826.6247': Read-only file system
Could not open any log file.
Could not open the log file '/tmp/tpu_driver.t1v-n-97c20860-w-0.nobody.log.INFO.20260811-040826.6247': Read-only file system
Could not open any log file.
Could not open the log file '/tmp/tpu_driver.t1v-n-97c20860-w-0.nobody.log.INFO.20260811-040826.6247': Read-only file system
Could not open any log file.
Could not open the log file '/tmp/tpu_driver.t1v-n-97c20860-w-0.nobody.log.INFO.20260811-040826.6247': Read-only file system
Could not open any log file.
Could not open the log file '/tmp/tpu_driver.t1v-n-97c20860-w-0.nobody.log.INFO.20260811-040826.6247': Read-only file system
Could not open any log file.
Could not open the log file '/tmp/tpu_driver.t1v-n-97c20860-w-0.nobody.log.INFO.20260811-040826.6247': Read-only file system
Could not open any log file.
Could not open the log file '/tmp/tpu_driver.t1v-n-97c20860-w-0.nobody.log.INFO.20260811-040826.6247': Read-only file system
Could not open any log file.
Could not open the log file '/tmp/tpu_driver.t1v-n-97c20860-w-0.nobody.log.INFO.20260811-040826.6247': Read-only file system
Could not open any log file.
Could not open the log file '/tmp/tpu_driver.t1v-n-97c20860-w-0.nobody.log.INFO.20260811-040826.6247': Read-only file system
Could not open any log file.
Could not open the log file '/tmp/tpu_driver.t1v-n-97c20860-w-0.nobody.log.INFO.20260811-040827.6247': Read-only file system
Could not open any log file.
Could not open the log file '/tmp/tpu_driver.t1v-n-97c20860-w-0.nobody.log.INFO.20260811-040827.6247': Read-only file system
Could not open any log file.
Could not open the log file '/tmp/tpu_driver.t1v-n-97c20860-w-0.nobody.log.INFO.20260811-040827.6247': Read-only file system
Could not open any log file.
Could not open the log file '/tmp/tpu_driver.t1v-n-97c20860-w-0.nobody.log.INFO.20260811-040827.6247': Read-only file system
Could not open any log file.
Could not open the log file '/tmp/tpu_driver.t1v-n-97c20860-w-0.nobody.log.INFO.20260811-040827.6247': Read-only file system
Could not open any log file.
Could not open the log file '/tmp/tpu_driver.t1v-n-97c20860-w-0.nobody.log.INFO.20260811-040827.6247': Read-only file system
Could not open any log file.
Could not open the log file '/tmp/tpu_driver.t1v-n-97c20860-w-0.nobody.log.INFO.20260811-040827.6247': Read-only file system
Could not open any log file.
Could not open the log file '/tmp/tpu_driver.t1v-n-97c20860-w-0.nobody.log.INFO.20260811-040830.6247': Read-only file system
Could not open any log file.
Could not open the log file '/tmp/tpu_driver.t1v-n-97c20860-w-0.nobody.log.WARNING.20260811-040830.6247': Read-only file system
Could not open any log file.
Could not open the log file '/tmp/tpu_driver.t1v-n-97c20860-w-0.nobody.log.INFO.20260811-040831.6247': Read-only file system
Could not open any log file.
