{"error": "ValueError: The Pallas TPU lowering currently requires that the last two dimensions of your block shape are divisible by 8 and 128 respectively, or be equal to the respective dimensions of the overall array. Block spec for outputs in pallas_call kernel at /tmp/opjax-phase31-worker-6ob7qvh0/candidate/workspace/kernel.py:16 has block shape (Blocked(block_size=1), Blocked(block_size=64)), array shape (128, 64), and index_map { lambda ; a:i32[]. let  in (a, 0:i32[]) }, in memory space <MemorySpace.DEFAULT: 'default'>.\nSee details at https://docs.jax.dev/en/latest/pallas/grid_blockspec.html#pallas-blockspec", "passed": false, "schema_version": 1}
/tmp/opjax-phase31-submission/worker-venv/lib/python3.12/site-packages/jax/_src/cloud_tpu_init.py:88: UserWarning: Transparent hugepages are not enabled. TPU runtime startup and shutdown time should be significantly improved on TPU v5e and newer. If not already set, you may need to enable transparent hugepages in your VM image (sudo sh -c "echo always > /sys/kernel/mm/transparent_hugepage/enabled")
  warnings.warn(
Could not access /tmp/tpu_logs: mkdir errno=30
Could not open the log file '/tmp/tpu_driver.t1v-n-47019287-w-0.nobody.log.INFO.20260811-023634.5863': Read-only file system
Could not open any log file.
Could not open the log file '/tmp/tpu_driver.t1v-n-47019287-w-0.nobody.log.INFO.20260811-023634.5863': Read-only file system
Could not open any log file.
Could not open the log file '/tmp/tpu_driver.t1v-n-47019287-w-0.nobody.log.INFO.20260811-023634.5863': Read-only file system
Could not open any log file.
Could not open the log file '/tmp/tpu_driver.t1v-n-47019287-w-0.nobody.log.INFO.20260811-023634.5863': Read-only file system
Could not open any log file.
Could not open the log file '/tmp/tpu_driver.t1v-n-47019287-w-0.nobody.log.INFO.20260811-023634.5863': Read-only file system
Could not open any log file.
Could not open the log file '/tmp/tpu_driver.t1v-n-47019287-w-0.nobody.log.INFO.20260811-023634.5863': Read-only file system
Could not open any log file.
Could not open the log file '/tmp/tpu_driver.t1v-n-47019287-w-0.nobody.log.INFO.20260811-023634.5863': Read-only file system
Could not open any log file.
Could not open the log file '/tmp/tpu_driver.t1v-n-47019287-w-0.nobody.log.INFO.20260811-023634.5863': Read-only file system
Could not open any log file.
Could not open the log file '/tmp/tpu_driver.t1v-n-47019287-w-0.nobody.log.INFO.20260811-023634.5863': Read-only file system
Could not open any log file.
Could not open the log file '/tmp/tpu_driver.t1v-n-47019287-w-0.nobody.log.INFO.20260811-023634.5863': Read-only file system
Could not open any log file.
Could not open the log file '/tmp/tpu_driver.t1v-n-47019287-w-0.nobody.log.INFO.20260811-023634.5863': Read-only file system
Could not open any log file.
Could not open the log file '/tmp/tpu_driver.t1v-n-47019287-w-0.nobody.log.INFO.20260811-023634.5863': Read-only file system
Could not open any log file.
Could not open the log file '/tmp/tpu_driver.t1v-n-47019287-w-0.nobody.log.INFO.20260811-023634.5863': Read-only file system
Could not open any log file.
Could not open the log file '/tmp/tpu_driver.t1v-n-47019287-w-0.nobody.log.INFO.20260811-023634.5863': Read-only file system
Could not open any log file.
Could not open the log file '/tmp/tpu_driver.t1v-n-47019287-w-0.nobody.log.INFO.20260811-023634.5863': Read-only file system
Could not open any log file.
Could not open the log file '/tmp/tpu_driver.t1v-n-47019287-w-0.nobody.log.INFO.20260811-023634.5863': Read-only file system
Could not open any log file.
Could not open the log file '/tmp/tpu_driver.t1v-n-47019287-w-0.nobody.log.INFO.20260811-023634.5863': Read-only file system
Could not open any log file.
Could not open the log file '/tmp/tpu_driver.t1v-n-47019287-w-0.nobody.log.INFO.20260811-023634.5863': Read-only file system
Could not open any log file.
Could not open the log file '/tmp/tpu_driver.t1v-n-47019287-w-0.nobody.log.INFO.20260811-023634.5863': Read-only file system
Could not open any log file.
Could not open the log file '/tmp/tpu_driver.t1v-n-47019287-w-0.nobody.log.INFO.20260811-023634.5863': Read-only file system
Could not open any log file.
Could not open the log file '/tmp/tpu_driver.t1v-n-47019287-w-0.nobody.log.INFO.20260811-023634.5863': Read-only file system
Could not open any log file.
Could not open the log file '/tmp/tpu_driver.t1v-n-47019287-w-0.nobody.log.INFO.20260811-023634.5863': Read-only file system
Could not open any log file.
Could not open the log file '/tmp/tpu_driver.t1v-n-47019287-w-0.nobody.log.INFO.20260811-023634.5863': Read-only file system
Could not open any log file.
Could not open the log file '/tmp/tpu_driver.t1v-n-47019287-w-0.nobody.log.INFO.20260811-023634.5863': Read-only file system
Could not open any log file.
Could not open the log file '/tmp/tpu_driver.t1v-n-47019287-w-0.nobody.log.INFO.20260811-023634.5863': Read-only file system
Could not open any log file.
Could not open the log file '/tmp/tpu_driver.t1v-n-47019287-w-0.nobody.log.INFO.20260811-023634.5863': Read-only file system
Could not open any log file.
Could not open the log file '/tmp/tpu_driver.t1v-n-47019287-w-0.nobody.log.INFO.20260811-023634.5863': Read-only file system
Could not open any log file.
Could not open the log file '/tmp/tpu_driver.t1v-n-47019287-w-0.nobody.log.INFO.20260811-023634.5863': Read-only file system
Could not open any log file.
Could not open the log file '/tmp/tpu_driver.t1v-n-47019287-w-0.nobody.log.INFO.20260811-023634.5863': Read-only file system
Could not open any log file.
Could not open the log file '/tmp/tpu_driver.t1v-n-47019287-w-0.nobody.log.INFO.20260811-023634.5863': Read-only file system
Could not open any log file.
Could not open the log file '/tmp/tpu_driver.t1v-n-47019287-w-0.nobody.log.INFO.20260811-023634.5863': Read-only file system
Could not open any log file.
Could not open the log file '/tmp/tpu_driver.t1v-n-47019287-w-0.nobody.log.INFO.20260811-023634.5863': Read-only file system
Could not open any log file.
Could not open the log file '/tmp/tpu_driver.t1v-n-47019287-w-0.nobody.log.INFO.20260811-023634.5863': Read-only file system
Could not open any log file.
Could not open the log file '/tmp/tpu_driver.t1v-n-47019287-w-0.nobody.log.INFO.20260811-023634.5863': Read-only file system
Could not open any log file.
Could not open the log file '/tmp/tpu_driver.t1v-n-47019287-w-0.nobody.log.INFO.20260811-023634.5863': Read-only file system
Could not open any log file.
Could not open the log file '/tmp/tpu_driver.t1v-n-47019287-w-0.nobody.log.INFO.20260811-023634.5863': Read-only file system
Could not open any log file.
Could not open the log file '/tmp/tpu_driver.t1v-n-47019287-w-0.nobody.log.INFO.20260811-023634.5863': Read-only file system
Could not open any log file.
Could not open the log file '/tmp/tpu_driver.t1v-n-47019287-w-0.nobody.log.INFO.20260811-023634.5863': Read-only file system
Could not open any log file.
Could not open the log file '/tmp/tpu_driver.t1v-n-47019287-w-0.nobody.log.INFO.20260811-023634.5863': Read-only file system
Could not open any log file.
Could not open the log file '/tmp/tpu_driver.t1v-n-47019287-w-0.nobody.log.INFO.20260811-023634.5863': Read-only file system
Could not open any log file.
Could not open the log file '/tmp/tpu_driver.t1v-n-47019287-w-0.nobody.log.INFO.20260811-023634.5863': Read-only file system
Could not open any log file.
Could not open the log file '/tmp/tpu_driver.t1v-n-47019287-w-0.nobody.log.INFO.20260811-023634.5863': Read-only file system
Could not open any log file.
Could not open the log file '/tmp/tpu_driver.t1v-n-47019287-w-0.nobody.log.INFO.20260811-023634.5863': Read-only file system
Could not open any log file.
Could not open the log file '/tmp/tpu_driver.t1v-n-47019287-w-0.nobody.log.INFO.20260811-023634.5863': Read-only file system
Could not open any log file.
Could not open the log file '/tmp/tpu_driver.t1v-n-47019287-w-0.nobody.log.INFO.20260811-023634.5863': Read-only file system
Could not open any log file.
Could not open the log file '/tmp/tpu_driver.t1v-n-47019287-w-0.nobody.log.INFO.20260811-023634.5863': Read-only file system
Could not open any log file.
Could not open the log file '/tmp/tpu_driver.t1v-n-47019287-w-0.nobody.log.INFO.20260811-023634.5863': Read-only file system
Could not open any log file.
Could not open the log file '/tmp/tpu_driver.t1v-n-47019287-w-0.nobody.log.INFO.20260811-023634.5863': Read-only file system
Could not open any log file.
Could not open the log file '/tmp/tpu_driver.t1v-n-47019287-w-0.nobody.log.INFO.20260811-023634.5863': Read-only file system
Could not open any log file.
Could not open the log file '/tmp/tpu_driver.t1v-n-47019287-w-0.nobody.log.INFO.20260811-023634.5863': Read-only file system
Could not open any log file.
Could not open the log file '/tmp/tpu_driver.t1v-n-47019287-w-0.nobody.log.INFO.20260811-023634.5863': Read-only file system
Could not open any log file.
Could not open the log file '/tmp/tpu_driver.t1v-n-47019287-w-0.nobody.log.INFO.20260811-023634.5863': Read-only file system
Could not open any log file.
Could not open the log file '/tmp/tpu_driver.t1v-n-47019287-w-0.nobody.log.INFO.20260811-023635.5863': Read-only file system
Could not open any log file.
Could not open the log file '/tmp/tpu_driver.t1v-n-47019287-w-0.nobody.log.INFO.20260811-023635.5863': Read-only file system
Could not open any log file.
Could not open the log file '/tmp/tpu_driver.t1v-n-47019287-w-0.nobody.log.INFO.20260811-023635.5863': Read-only file system
Could not open any log file.
Could not open the log file '/tmp/tpu_driver.t1v-n-47019287-w-0.nobody.log.INFO.20260811-023635.5863': Read-only file system
Could not open any log file.
Could not open the log file '/tmp/tpu_driver.t1v-n-47019287-w-0.nobody.log.INFO.20260811-023635.5863': Read-only file system
Could not open any log file.
Could not open the log file '/tmp/tpu_driver.t1v-n-47019287-w-0.nobody.log.INFO.20260811-023635.5863': Read-only file system
Could not open any log file.
Could not open the log file '/tmp/tpu_driver.t1v-n-47019287-w-0.nobody.log.INFO.20260811-023635.5863': Read-only file system
Could not open any log file.
Could not open the log file '/tmp/tpu_driver.t1v-n-47019287-w-0.nobody.log.INFO.20260811-023636.5863': Read-only file system
Could not open any log file.
Could not open the log file '/tmp/tpu_driver.t1v-n-47019287-w-0.nobody.log.INFO.20260811-023636.5863': Read-only file system
Could not open any log file.
Could not open the log file '/tmp/tpu_driver.t1v-n-47019287-w-0.nobody.log.INFO.20260811-023636.5863': Read-only file system
Could not open any log file.
Could not open the log file '/tmp/tpu_driver.t1v-n-47019287-w-0.nobody.log.INFO.20260811-023636.5863': Read-only file system
Could not open any log file.
Could not open the log file '/tmp/tpu_driver.t1v-n-47019287-w-0.nobody.log.INFO.20260811-023636.5863': Read-only file system
Could not open any log file.
Could not open the log file '/tmp/tpu_driver.t1v-n-47019287-w-0.nobody.log.INFO.20260811-023636.5863': Read-only file system
Could not open any log file.
Could not open the log file '/tmp/tpu_driver.t1v-n-47019287-w-0.nobody.log.INFO.20260811-023636.5863': Read-only file system
Could not open any log file.
Could not open the log file '/tmp/tpu_driver.t1v-n-47019287-w-0.nobody.log.INFO.20260811-023639.5863': Read-only file system
Could not open any log file.
Could not open the log file '/tmp/tpu_driver.t1v-n-47019287-w-0.nobody.log.WARNING.20260811-023639.5863': Read-only file system
Could not open any log file.
Could not open the log file '/tmp/tpu_driver.t1v-n-47019287-w-0.nobody.log.INFO.20260811-023639.5863': Read-only file system
Could not open any log file.
